Archive member included to satisfy reference by file (symbol)

e:/program files/simplicitystudio/developer/toolchains/gnu_arm/7.2_2017q4/bin/../lib/gcc/arm-none-eabi/7.2.1/../../../../arm-none-eabi/lib/thumb/v6-m\libm.a(lib_a-s_copysign.o)
                              ./sensorfusion/MadgwickAHRS.o (copysign)
e:/program files/simplicitystudio/developer/toolchains/gnu_arm/7.2_2017q4/bin/../lib/gcc/arm-none-eabi/7.2.1/../../../../arm-none-eabi/lib/thumb/v6-m\libm.a(lib_a-w_asin.o)
                              ./sensorfusion/MadgwickAHRS.o (asin)
e:/program files/simplicitystudio/developer/toolchains/gnu_arm/7.2_2017q4/bin/../lib/gcc/arm-none-eabi/7.2.1/../../../../arm-none-eabi/lib/thumb/v6-m\libm.a(lib_a-w_atan2.o)
                              ./sensorfusion/MadgwickAHRS.o (atan2)
e:/program files/simplicitystudio/developer/toolchains/gnu_arm/7.2_2017q4/bin/../lib/gcc/arm-none-eabi/7.2.1/../../../../arm-none-eabi/lib/thumb/v6-m\libm.a(lib_a-w_sqrt.o)
                              ./sensorfusion/MadgwickAHRS.o (sqrt)
e:/program files/simplicitystudio/developer/toolchains/gnu_arm/7.2_2017q4/bin/../lib/gcc/arm-none-eabi/7.2.1/../../../../arm-none-eabi/lib/thumb/v6-m\libm.a(lib_a-e_asin.o)
                              e:/program files/simplicitystudio/developer/toolchains/gnu_arm/7.2_2017q4/bin/../lib/gcc/arm-none-eabi/7.2.1/../../../../arm-none-eabi/lib/thumb/v6-m\libm.a(lib_a-w_asin.o) (__ieee754_asin)
e:/program files/simplicitystudio/developer/toolchains/gnu_arm/7.2_2017q4/bin/../lib/gcc/arm-none-eabi/7.2.1/../../../../arm-none-eabi/lib/thumb/v6-m\libm.a(lib_a-e_atan2.o)
                              e:/program files/simplicitystudio/developer/toolchains/gnu_arm/7.2_2017q4/bin/../lib/gcc/arm-none-eabi/7.2.1/../../../../arm-none-eabi/lib/thumb/v6-m\libm.a(lib_a-w_atan2.o) (__ieee754_atan2)
e:/program files/simplicitystudio/developer/toolchains/gnu_arm/7.2_2017q4/bin/../lib/gcc/arm-none-eabi/7.2.1/../../../../arm-none-eabi/lib/thumb/v6-m\libm.a(lib_a-e_sqrt.o)
                              e:/program files/simplicitystudio/developer/toolchains/gnu_arm/7.2_2017q4/bin/../lib/gcc/arm-none-eabi/7.2.1/../../../../arm-none-eabi/lib/thumb/v6-m\libm.a(lib_a-w_sqrt.o) (__ieee754_sqrt)
e:/program files/simplicitystudio/developer/toolchains/gnu_arm/7.2_2017q4/bin/../lib/gcc/arm-none-eabi/7.2.1/../../../../arm-none-eabi/lib/thumb/v6-m\libm.a(lib_a-s_atan.o)
                              e:/program files/simplicitystudio/developer/toolchains/gnu_arm/7.2_2017q4/bin/../lib/gcc/arm-none-eabi/7.2.1/../../../../arm-none-eabi/lib/thumb/v6-m\libm.a(lib_a-e_atan2.o) (atan)
e:/program files/simplicitystudio/developer/toolchains/gnu_arm/7.2_2017q4/bin/../lib/gcc/arm-none-eabi/7.2.1/../../../../arm-none-eabi/lib/thumb/v6-m\libm.a(lib_a-s_fabs.o)
                              e:/program files/simplicitystudio/developer/toolchains/gnu_arm/7.2_2017q4/bin/../lib/gcc/arm-none-eabi/7.2.1/../../../../arm-none-eabi/lib/thumb/v6-m\libm.a(lib_a-w_asin.o) (fabs)
e:/program files/simplicitystudio/developer/toolchains/gnu_arm/7.2_2017q4/bin/../lib/gcc/arm-none-eabi/7.2.1/../../../../arm-none-eabi/lib/thumb/v6-m\libm.a(lib_a-s_lib_ver.o)
                              e:/program files/simplicitystudio/developer/toolchains/gnu_arm/7.2_2017q4/bin/../lib/gcc/arm-none-eabi/7.2.1/../../../../arm-none-eabi/lib/thumb/v6-m\libm.a(lib_a-w_asin.o) (__fdlib_version)
e:/program files/simplicitystudio/developer/toolchains/gnu_arm/7.2_2017q4/bin/../lib/gcc/arm-none-eabi/7.2.1/../../../../arm-none-eabi/lib/thumb/v6-m\libm.a(lib_a-s_matherr.o)
                              e:/program files/simplicitystudio/developer/toolchains/gnu_arm/7.2_2017q4/bin/../lib/gcc/arm-none-eabi/7.2.1/../../../../arm-none-eabi/lib/thumb/v6-m\libm.a(lib_a-w_asin.o) (matherr)
e:/program files/simplicitystudio/developer/toolchains/gnu_arm/7.2_2017q4/bin/../lib/gcc/arm-none-eabi/7.2.1/../../../../arm-none-eabi/lib/thumb/v6-m\libm.a(lib_a-s_nan.o)
                              e:/program files/simplicitystudio/developer/toolchains/gnu_arm/7.2_2017q4/bin/../lib/gcc/arm-none-eabi/7.2.1/../../../../arm-none-eabi/lib/thumb/v6-m\libm.a(lib_a-w_asin.o) (nan)
e:/program files/simplicitystudio/developer/toolchains/gnu_arm/7.2_2017q4/bin/../lib/gcc/arm-none-eabi/7.2.1/thumb/v6-m\libgcc.a(_udivsi3.o)
                              ./emlib/em_adc.o (__aeabi_uidiv)
e:/program files/simplicitystudio/developer/toolchains/gnu_arm/7.2_2017q4/bin/../lib/gcc/arm-none-eabi/7.2.1/thumb/v6-m\libgcc.a(_divsi3.o)
                              ./ICM_20948/ICM20948.o (__aeabi_idiv)
e:/program files/simplicitystudio/developer/toolchains/gnu_arm/7.2_2017q4/bin/../lib/gcc/arm-none-eabi/7.2.1/thumb/v6-m\libgcc.a(_dvmd_tls.o)
                              e:/program files/simplicitystudio/developer/toolchains/gnu_arm/7.2_2017q4/bin/../lib/gcc/arm-none-eabi/7.2.1/thumb/v6-m\libgcc.a(_udivsi3.o) (__aeabi_idiv0)
[...]
Memory Configuration

Name             Origin             Length             Attributes
FLASH            0x00000000         0x00010000         xr
RAM              0x20000000         0x00002000         xrw
*default*        0x00000000         0xffffffff

Linker script and memory map

LOAD e:/program files/simplicitystudio/developer/toolchains/gnu_arm/7.2_2017q4/bin/../lib/gcc/arm-none-eabi/7.2.1/thumb/v6-m/crti.o
LOAD e:/program files/simplicitystudio/developer/toolchains/gnu_arm/7.2_2017q4/bin/../lib/gcc/arm-none-eabi/7.2.1/thumb/v6-m/crtbegin.o
LOAD e:/program files/simplicitystudio/developer/toolchains/gnu_arm/7.2_2017q4/bin/../lib/gcc/arm-none-eabi/7.2.1/../../../../arm-none-eabi/lib/thumb/v6-m/crt0.o
LOAD ./src/main.o
LOAD ./sensorfusion/MadgwickAHRS.o
LOAD ./interrupt/interrupt.o
LOAD ./emlib/em_adc.o
LOAD ./emlib/em_assert.o
LOAD ./emlib/em_cmu.o
LOAD ./emlib/em_core.o
LOAD ./emlib/em_emu.o
LOAD ./emlib/em_gpio.o
LOAD ./emlib/em_i2c.o
LOAD ./emlib/em_rtc.o
LOAD ./emlib/em_system.o
LOAD ./emlib/em_usart.o
LOAD ./emlib/i2cspm.o
LOAD ./emlib/rtcdriver.o
LOAD ./delay/delay.o
LOAD ./delay/timer.o
LOAD ./dbprint/dbprint.o
LOAD ./Comm/I2C.o
LOAD ./CMSIS/EFM32HG/startup_efm32hg.o
LOAD ./CMSIS/EFM32HG/system_efm32hg.o
LOAD e:/program files/simplicitystudio/developer/toolchains/gnu_arm/7.2_2017q4/bin/../lib/gcc/arm-none-eabi/7.2.1/../../../../arm-none-eabi/lib/thumb/v6-m\libm.a
LOAD ./BSP/bsp_stk_leds.o
LOAD ./ICM_20948/ICM20948.o
LOAD ./adc/adc.o
LOAD ./inc/util.o
START GROUP
LOAD e:/program files/simplicitystudio/developer/toolchains/gnu_arm/7.2_2017q4/bin/../lib/gcc/arm-none-eabi/7.2.1/thumb/v6-m\libgcc.a
LOAD e:/program files/simplicitystudio/developer/toolchains/gnu_arm/7.2_2017q4/bin/../lib/gcc/arm-none-eabi/7.2.1/../../../../arm-none-eabi/lib/thumb/v6-m\libc_nano.a
LOAD e:/program files/simplicitystudio/developer/toolchains/gnu_arm/7.2_2017q4/bin/../lib/gcc/arm-none-eabi/7.2.1/../../../../arm-none-eabi/lib/thumb/v6-m\libnosys.a
END GROUP
START GROUP
LOAD e:/program files/simplicitystudio/developer/toolchains/gnu_arm/7.2_2017q4/bin/../lib/gcc/arm-none-eabi/7.2.1/thumb/v6-m\libgcc.a
LOAD e:/program files/simplicitystudio/developer/toolchains/gnu_arm/7.2_2017q4/bin/../lib/gcc/arm-none-eabi/7.2.1/../../../../arm-none-eabi/lib/thumb/v6-m\libg_nano.a
LOAD e:/program files/simplicitystudio/developer/toolchains/gnu_arm/7.2_2017q4/bin/../lib/gcc/arm-none-eabi/7.2.1/../../../../arm-none-eabi/lib/thumb/v6-m\libc_nano.a
END GROUP
START GROUP
LOAD e:/program files/simplicitystudio/developer/toolchains/gnu_arm/7.2_2017q4/bin/../lib/gcc/arm-none-eabi/7.2.1/thumb/v6-m\libgcc.a
LOAD e:/program files/simplicitystudio/developer/toolchains/gnu_arm/7.2_2017q4/bin/../lib/gcc/arm-none-eabi/7.2.1/../../../../arm-none-eabi/lib/thumb/v6-m\libc_nano.a
END GROUP
LOAD e:/program files/simplicitystudio/developer/toolchains/gnu_arm/7.2_2017q4/bin/../lib/gcc/arm-none-eabi/7.2.1/thumb/v6-m/crtend.o
LOAD e:/program files/simplicitystudio/developer/toolchains/gnu_arm/7.2_2017q4/bin/../lib/gcc/arm-none-eabi/7.2.1/thumb/v6-m/crtn.o

.text           0x00000000     0x9bd4
 *(.vectors)
 .vectors       0x00000000       0x94 ./CMSIS/EFM32HG/startup_efm32hg.o
                0x00000000                __Vectors
                0x00000094                __Vectors_End = .
                0x00000094                __Vectors_Size = (__Vectors_End - __Vectors)
                0x00000094                __end__ = .
 *(.text*)
 .text          0x00000094       0x48 e:/program files/simplicitystudio/developer/toolchains/gnu_arm/7.2_2017q4/bin/../lib/gcc/arm-none-eabi/7.2.1/thumb/v6-m/crtbegin.o
 .text          0x000000dc       0x78 e:/program files/simplicitystudio/developer/toolchains/gnu_arm/7.2_2017q4/bin/../lib/gcc/arm-none-eabi/7.2.1/../../../../arm-none-eabi/lib/thumb/v6-m/crt0.o
                0x000000dc                _start
                0x000000dc                _mainCRTStartup
 .text.SYSTEM_GetProdRev
                0x00000154       0x18 ./src/main.o
 .text.GPIO_IntClear
                0x0000016c       0x20 ./src/main.o
 .text.GPIO_PinOutClear
                0x0000018c       0x5c ./src/main.o
 .text.GPIO_PinOutSet
                0x000001e8       0x5c ./src/main.o
 .text.CHIP_Init
                0x00000244       0x4c ./src/main.o
 .text.measure  0x00000290       0x5c ./src/main.o
                0x00000290                measure
 .text.main     0x000002ec      0x25c ./src/main.o
                0x000002ec                main
 .text.GPIO_EVEN_IRQHandler
                0x00000548       0x20 ./src/main.o
                0x00000548                GPIO_EVEN_IRQHandler
 .text.GPIO_ODD_IRQHandler
                0x00000568       0x18 ./src/main.o
                0x00000568                GPIO_ODD_IRQHandler
 .text.__NVIC_EnableIRQ
                0x00000580       0x34 ./interrupt/interrupt.o
 .text.GPIO_IntClear
                0x000005b4       0x20 ./interrupt/interrupt.o
 .text.initGPIO_interrupt
                0x000005d4       0x60 ./interrupt/interrupt.o
                0x000005d4                initGPIO_interrupt
 .text.ADC_LoadDevinfoCal
                0x00000634      0x140 ./emlib/em_adc.o
 .text.ADC_Init
                0x00000774       0xa4 ./emlib/em_adc.o
                0x00000774                ADC_Init
 .text.ADC_InitSingle
                0x00000818       0x9a ./emlib/em_adc.o
                0x00000818                ADC_InitSingle
 *fill*         0x000008b2        0x2 
 .text.ADC_PrescaleCalc
                0x000008b4       0x7c ./emlib/em_adc.o
                0x000008b4                ADC_PrescaleCalc
 .text.ADC_TimebaseCalc
                0x00000930       0x58 ./emlib/em_adc.o
                0x00000930                ADC_TimebaseCalc
 .text.BUS_RegBitWrite
                0x00000988       0x3c ./emlib/em_cmu.o
 .text.BUS_RegBitRead
                0x000009c4       0x20 ./emlib/em_cmu.o
 .text.CMU_DivToLog2
                0x000009e4       0x2c ./emlib/em_cmu.o
 .text.SYSTEM_GetProdRev
                0x00000a10       0x18 ./emlib/em_cmu.o
 .text.auxClkGet
                0x00000a28       0xb0 ./emlib/em_cmu.o
 .text.dbgClkGet
                0x00000ad8       0x48 ./emlib/em_cmu.o
 .text.flashWaitStateControl
                0x00000b20       0x54 ./emlib/em_cmu.o
 .text.flashWaitStateMax
                0x00000b74       0x44 ./emlib/em_cmu.o
 .text.CMU_UpdateWaitStates
                0x00000bb8       0x48 ./emlib/em_cmu.o
                0x00000bb8                CMU_UpdateWaitStates
 .text.lfClkGet
                0x00000c00       0xf8 ./emlib/em_cmu.o
 .text.syncReg  0x00000cf8       0x2c ./emlib/em_cmu.o
 .text.usbCClkGet
                0x00000d24       0x6c ./emlib/em_cmu.o
 .text.hfperClkSafePrescaler
                0x00000d90        0xa ./emlib/em_cmu.o
 .text.hfperClkOptimizedPrescaler
                0x00000d9a        0xa ./emlib/em_cmu.o
 .text.CMU_ClockDivSet
                0x00000da4      0x148 ./emlib/em_cmu.o
                0x00000da4                CMU_ClockDivSet
 .text.CMU_ClockEnable
                0x00000eec       0xb0 ./emlib/em_cmu.o
                0x00000eec                CMU_ClockEnable
 .text.CMU_ClockFreqGet
                0x00000f9c      0x140 ./emlib/em_cmu.o
                0x00000f9c                CMU_ClockFreqGet
 .text.CMU_ClockSelectGet
                0x000010dc      0x1dc ./emlib/em_cmu.o
                0x000010dc                CMU_ClockSelectGet
 .text.CMU_ClockSelectSet
                0x000012b8      0x24c ./emlib/em_cmu.o
                0x000012b8                CMU_ClockSelectSet
 .text.CMU_OscillatorEnable
                0x00001504       0xd4 ./emlib/em_cmu.o
                0x00001504                CMU_OscillatorEnable
 .text.CORE_EnterCritical
                0x000015d8       0x1c ./emlib/em_core.o
                0x000015d8                CORE_EnterCritical
 .text.CORE_ExitCritical
                0x000015f4       0x18 ./emlib/em_core.o
                0x000015f4                CORE_ExitCritical
 .text.CORE_EnterAtomic
                0x0000160c       0x1c ./emlib/em_core.o
                0x0000160c                CORE_EnterAtomic
 .text.CORE_ExitAtomic
                0x00001628       0x18 ./emlib/em_core.o
                0x00001628                CORE_ExitAtomic
 .text.SystemCoreClockUpdate
                0x00001640        0xe ./emlib/em_emu.o
 *fill*         0x0000164e        0x2 
 .text.CMU_Lock
                0x00001650       0x18 ./emlib/em_emu.o
 .text.CMU_Unlock
                0x00001668       0x1c ./emlib/em_emu.o
 .text.emState  0x00001684       0xe4 ./emlib/em_emu.o
 .text.getErrataFixEmuE107En
                0x00001768        0xc ./emlib/em_emu.o
 .text.EMU_EM23PresleepHook
                0x00001774        0xa ./emlib/em_emu.o
                0x00001774                EMU_EM23PresleepHook
 .text.EMU_EM23PostsleepHook
                0x0000177e        0xa ./emlib/em_emu.o
                0x0000177e                EMU_EM23PostsleepHook
 .text.EMU_EnterEM2
                0x00001788       0xac ./emlib/em_emu.o
                0x00001788                EMU_EnterEM2
 .text.BUS_RegBitWrite
                0x00001834       0x3c ./emlib/em_gpio.o
 .text.BUS_RegMaskedWrite
                0x00001870       0x26 ./emlib/em_gpio.o
 *fill*         0x00001896        0x2 
 .text.GPIO_IntClear
                0x00001898       0x20 ./emlib/em_gpio.o
 .text.GPIO_PinOutClear
                0x000018b8       0x5c ./emlib/em_gpio.o
 .text.GPIO_PinOutSet
                0x00001914       0x5c ./emlib/em_gpio.o
 .text.GPIO_ExtIntConfig
                0x00001970      0x104 ./emlib/em_gpio.o
                0x00001970                GPIO_ExtIntConfig
 .text.GPIO_PinModeSet
                0x00001a74      0x164 ./emlib/em_gpio.o
                0x00001a74                GPIO_PinModeSet
 .text.I2C_IntClear
                0x00001bd8       0x18 ./emlib/em_i2c.o
 .text.BUS_RegBitWrite
                0x00001bf0       0x3c ./emlib/em_i2c.o
 .text.BUS_RegMaskedWrite
                0x00001c2c       0x26 ./emlib/em_i2c.o
 .text.flushRx  0x00001c52       0x22 ./emlib/em_i2c.o
 .text.I2C_BusFreqSet
                0x00001c74      0x13c ./emlib/em_i2c.o
                0x00001c74                I2C_BusFreqSet
 .text.I2C_Enable
                0x00001db0       0x24 ./emlib/em_i2c.o
                0x00001db0                I2C_Enable
 .text.I2C_Init
                0x00001dd4       0x5c ./emlib/em_i2c.o
                0x00001dd4                I2C_Init
 .text.I2C_Transfer
                0x00001e30      0x44c ./emlib/em_i2c.o
                0x00001e30                I2C_Transfer
 .text.I2C_TransferInit
                0x0000227c       0xc0 ./emlib/em_i2c.o
                0x0000227c                I2C_TransferInit
 .text.BUS_RegBitWrite
                0x0000233c       0x3c ./emlib/em_rtc.o
 .text.RTC_CompareGet
                0x00002378       0x38 ./emlib/em_rtc.o
                0x00002378                RTC_CompareGet
 .text.RTC_CompareSet
                0x000023b0       0x38 ./emlib/em_rtc.o
                0x000023b0                RTC_CompareSet
 .text.RTC_Enable
                0x000023e8       0x28 ./emlib/em_rtc.o
                0x000023e8                RTC_Enable
 .text.RTC_Init
                0x00002410       0x4c ./emlib/em_rtc.o
                0x00002410                RTC_Init
 .text.RTC_CounterReset
                0x0000245c       0x16 ./emlib/em_rtc.o
                0x0000245c                RTC_CounterReset
 .text.prsRxInput
                0x00002472       0x26 ./emlib/em_usart.o
 .text.USART_BaudrateAsyncSet
                0x00002498       0xc8 ./emlib/em_usart.o
                0x00002498                USART_BaudrateAsyncSet
 .text.USART_InitAsync
                0x00002560       0x98 ./emlib/em_usart.o
                0x00002560                USART_InitAsync
 .text.USART_Reset
                0x000025f8       0x8c ./emlib/em_usart.o
                0x000025f8                USART_Reset
 .text.USART_Rx
                0x00002684       0x22 ./emlib/em_usart.o
                0x00002684                USART_Rx
 .text.USART_Tx
                0x000026a6       0x2a ./emlib/em_usart.o
                0x000026a6                USART_Tx
 .text.GPIO_PinOutClear
                0x000026d0       0x5c ./emlib/i2cspm.o
 .text.GPIO_PinOutSet
                0x0000272c       0x5c ./emlib/i2cspm.o
 .text.I2CSPM_Init
                0x00002788       0xdc ./emlib/i2cspm.o
                0x00002788                I2CSPM_Init
 .text.I2CSPM_Transfer
                0x00002864       0x60 ./emlib/i2cspm.o
                0x00002864                I2CSPM_Transfer
 .text.__NVIC_EnableIRQ
                0x000028c4       0x34 ./emlib/rtcdriver.o
 .text.__NVIC_ClearPendingIRQ
                0x000028f8       0x38 ./emlib/rtcdriver.o
 .text.RTC_CounterGet
                0x00002930       0x14 ./emlib/rtcdriver.o
 .text.RTC_IntClear
                0x00002944       0x1c ./emlib/rtcdriver.o
 .text.RTC_IntDisable
                0x00002960       0x24 ./emlib/rtcdriver.o
 .text.RTC_IntEnable
                0x00002984       0x20 ./emlib/rtcdriver.o
 .text.RTC_IntGetEnabled
                0x000029a4       0x20 ./emlib/rtcdriver.o
 .text.RTCDRV_AllocateTimer
                0x000029c4       0xac ./emlib/rtcdriver.o
                0x000029c4                RTCDRV_AllocateTimer
 .text.RTCDRV_Init
                0x00002a70       0xc8 ./emlib/rtcdriver.o
                0x00002a70                RTCDRV_Init
 .text.RTCDRV_GetWallClockTicks64
                0x00002b38       0x68 ./emlib/rtcdriver.o
                0x00002b38                RTCDRV_GetWallClockTicks64
 .text.RTCDRV_TicksToMsec
                0x00002ba0       0x3c ./emlib/rtcdriver.o
                0x00002ba0                RTCDRV_TicksToMsec
 .text.RTC_IRQHandler
                0x00002bdc       0xc8 ./emlib/rtcdriver.o
                0x00002bdc                RTC_IRQHandler
 .text.checkAllTimers
                0x00002ca4      0x2e8 ./emlib/rtcdriver.o
 .text.executeTimerCallbacks
                0x00002f8c       0x64 ./emlib/rtcdriver.o
 .text.rescheduleRtc
                0x00002ff0      0x114 ./emlib/rtcdriver.o
 .text.handleOverflow
                0x00003104       0x2c ./emlib/rtcdriver.o
 .text.__NVIC_SetPriority
                0x00003130       0xdc ./delay/delay.o
 .text.SysTick_Config
                0x0000320c       0x48 ./delay/delay.o
 .text.delay    0x00003254       0x94 ./delay/delay.o
                0x00003254                delay
 .text.SysTick_Handler
                0x000032e8       0x18 ./delay/delay.o
                0x000032e8                SysTick_Handler
 .text.millis   0x00003300       0x1c ./delay/timer.o
                0x00003300                millis
 .text.__NVIC_EnableIRQ
                0x0000331c       0x34 ./dbprint/dbprint.o
 .text.USART_IntClear
                0x00003350       0x18 ./dbprint/dbprint.o
 .text.USART_IntEnable
                0x00003368       0x1e ./dbprint/dbprint.o
 .text.USART_IntGet
                0x00003386       0x14 ./dbprint/dbprint.o
 .text.USART_IntSet
                0x0000339a       0x18 ./dbprint/dbprint.o
 *fill*         0x000033b2        0x2 
 .text.GPIO_PinOutSet
                0x000033b4       0x5c ./dbprint/dbprint.o
 .text.dbprint_INIT
                0x00003410      0x370 ./dbprint/dbprint.o
                0x00003410                dbprint_INIT
 .text.dbprint  0x00003780       0x40 ./dbprint/dbprint.o
                0x00003780                dbprint
 .text.dbprintln
                0x000037c0       0x34 ./dbprint/dbprint.o
                0x000037c0                dbprintln
 .text.dbprint_color
                0x000037f4      0x108 ./dbprint/dbprint.o
                0x000037f4                dbprint_color
 .text.dbprintln_color
                0x000038fc       0x40 ./dbprint/dbprint.o
                0x000038fc                dbprintln_color
 .text.dbinfo   0x0000393c       0x24 ./dbprint/dbprint.o
                0x0000393c                dbinfo
 .text.dbwarn   0x00003960       0x28 ./dbprint/dbprint.o
                0x00003960                dbwarn
 .text.dbcrit   0x00003988       0x28 ./dbprint/dbprint.o
                0x00003988                dbcrit
 .text.dbprintInt
                0x000039b0       0x50 ./dbprint/dbprint.o
                0x000039b0                dbprintInt
 .text.dbprintlnInt
                0x00003a00       0x34 ./dbprint/dbprint.o
                0x00003a00                dbprintlnInt
 .text.uint32_to_charDec
                0x00003a34       0xf2 ./dbprint/dbprint.o
 *fill*         0x00003b26        0x2 
 .text.USART0_RX_IRQHandler
                0x00003b28       0xac ./dbprint/dbprint.o
                0x00003b28                USART0_RX_IRQHandler
 .text.USART0_TX_IRQHandler
                0x00003bd4       0x78 ./dbprint/dbprint.o
                0x00003bd4                USART0_TX_IRQHandler
 .text.USART1_RX_IRQHandler
                0x00003c4c        0xe ./dbprint/dbprint.o
                0x00003c4c                USART1_RX_IRQHandler
 .text.USART1_TX_IRQHandler
                0x00003c5a        0xe ./dbprint/dbprint.o
                0x00003c5a                USART1_TX_IRQHandler
 .text.IIC_Init
                0x00003c68       0x18 ./Comm/I2C.o
                0x00003c68                IIC_Init
 .text.IIC_WriteBuffer
                0x00003c80       0x78 ./Comm/I2C.o
                0x00003c80                IIC_WriteBuffer
 .text.IIC_WriteReadBuffer
                0x00003cf8       0x88 ./Comm/I2C.o
                0x00003cf8                IIC_WriteReadBuffer
 .text          0x00003d80       0x30 ./CMSIS/EFM32HG/startup_efm32hg.o
                0x00003d80                Reset_Handler
                0x00003dac                I2C0_IRQHandler
                0x00003dac                HardFault_Handler
                0x00003dac                PendSV_Handler
                0x00003dac                NMI_Handler
                0x00003dac                MSC_IRQHandler
                0x00003dac                LEUART0_IRQHandler
                0x00003dac                TIMER0_IRQHandler
                0x00003dac                TIMER2_IRQHandler
                0x00003dac                TIMER1_IRQHandler
                0x00003dac                Default_Handler
                0x00003dac                PCNT0_IRQHandler
                0x00003dac                sl_app_properties
                0x00003dac                USB_IRQHandler
                0x00003dac                ACMP0_IRQHandler
                0x00003dac                SVC_Handler
                0x00003dac                CMU_IRQHandler
                0x00003dac                AES_IRQHandler
                0x00003dac                VCMP_IRQHandler
                0x00003dac                DMA_IRQHandler
 .text.SystemCoreClockGet
                0x00003db0       0x38 ./CMSIS/EFM32HG/system_efm32hg.o
                0x00003db0                SystemCoreClockGet
 .text.SystemMaxCoreClockGet
                0x00003de8       0x10 ./CMSIS/EFM32HG/system_efm32hg.o
                0x00003de8                SystemMaxCoreClockGet
 .text.SystemHFClockGet
                0x00003df8       0xfc ./CMSIS/EFM32HG/system_efm32hg.o
                0x00003df8                SystemHFClockGet
 .text.SystemInit
                0x00003ef4       0x18 ./CMSIS/EFM32HG/system_efm32hg.o
                0x00003ef4                SystemInit
 .text.SystemLFRCOClockGet
                0x00003f0c        0xe ./CMSIS/EFM32HG/system_efm32hg.o
                0x00003f0c                SystemLFRCOClockGet
 .text.SystemULFRCOClockGet
                0x00003f1a        0xe ./CMSIS/EFM32HG/system_efm32hg.o
                0x00003f1a                SystemULFRCOClockGet
 .text.SystemLFXOClockGet
                0x00003f28       0x14 ./CMSIS/EFM32HG/system_efm32hg.o
                0x00003f28                SystemLFXOClockGet
 .text.atan2    0x00003f3c        0x8 e:/program files/simplicitystudio/developer/toolchains/gnu_arm/7.2_2017q4/bin/../lib/gcc/arm-none-eabi/7.2.1/../../../../arm-none-eabi/lib/thumb/v6-m\libm.a(lib_a-w_atan2.o)
                0x00003f3c                atan2
 .text.__ieee754_atan2
                0x00003f44      0x178 e:/program files/simplicitystudio/developer/toolchains/gnu_arm/7.2_2017q4/bin/../lib/gcc/arm-none-eabi/7.2.1/../../../../arm-none-eabi/lib/thumb/v6-m\libm.a(lib_a-e_atan2.o)
                0x00003f44                __ieee754_atan2
 .text.atan     0x000040bc      0x328 e:/program files/simplicitystudio/developer/toolchains/gnu_arm/7.2_2017q4/bin/../lib/gcc/arm-none-eabi/7.2.1/../../../../arm-none-eabi/lib/thumb/v6-m\libm.a(lib_a-s_atan.o)
                0x000040bc                atan
 .text.fabs     0x000043e4        0x8 e:/program files/simplicitystudio/developer/toolchains/gnu_arm/7.2_2017q4/bin/../lib/gcc/arm-none-eabi/7.2.1/../../../../arm-none-eabi/lib/thumb/v6-m\libm.a(lib_a-s_fabs.o)
                0x000043e4                fabs
 .text.GPIO_PinOutClear
                0x000043ec       0x5c ./BSP/bsp_stk_leds.o
 .text.GPIO_PinOutSet
                0x00004448       0x5c ./BSP/bsp_stk_leds.o
 .text.GPIO_PinOutToggle
                0x000044a4       0x5c ./BSP/bsp_stk_leds.o
 .text.BSP_LedsInit
                0x00004500       0x60 ./BSP/bsp_stk_leds.o
                0x00004500                BSP_LedsInit
 .text.BSP_LedClear
                0x00004560       0x44 ./BSP/bsp_stk_leds.o
                0x00004560                BSP_LedClear
 .text.BSP_LedSet
                0x000045a4       0x44 ./BSP/bsp_stk_leds.o
                0x000045a4                BSP_LedSet
 .text.BSP_LedToggle
                0x000045e8       0x44 ./BSP/bsp_stk_leds.o
                0x000045e8                BSP_LedToggle
 .text.GPIO_PinOutClear
                0x0000462c       0x5c ./ICM_20948/ICM20948.o
 .text.GPIO_PinOutSet
                0x00004688       0x5c ./ICM_20948/ICM20948.o
 .text.ICM_20948_Init
                0x000046e4      0x16c ./ICM_20948/ICM20948.o
                0x000046e4                ICM_20948_Init
 .text.ICM_20948_power
                0x00004850       0x58 ./ICM_20948/ICM20948.o
                0x00004850                ICM_20948_power
 .text.ICM_20948_bankSelect
                0x000048a8       0x34 ./ICM_20948/ICM20948.o
                0x000048a8                ICM_20948_bankSelect
 .text.ICM_20948_registerRead
                0x000048dc       0x70 ./ICM_20948/ICM20948.o
                0x000048dc                ICM_20948_registerRead
 .text.ICM_20948_registerWrite
                0x0000494c       0x60 ./ICM_20948/ICM20948.o
                0x0000494c                ICM_20948_registerWrite
 .text.ICM_20948_sleepModeEnable
                0x000049ac       0x64 ./ICM_20948/ICM20948.o
                0x000049ac                ICM_20948_sleepModeEnable
 .text.ICM_20948_reset
                0x00004a10       0x1a ./ICM_20948/ICM20948.o
                0x00004a10                ICM_20948_reset
 *fill*         0x00004a2a        0x2 
 .text.ICM_20948_gyroResolutionGet
                0x00004a2c       0x80 ./ICM_20948/ICM20948.o
                0x00004a2c                ICM_20948_gyroResolutionGet
 .text.ICM_20948_interruptEnable
                0x00004aac       0x66 ./ICM_20948/ICM20948.o
                0x00004aac                ICM_20948_interruptEnable
 .text.ICM_20948_sampleRateSet
                0x00004b12       0x22 ./ICM_20948/ICM20948.o
                0x00004b12                ICM_20948_sampleRateSet
 .text.ICM_20948_gyroSampleRateSet
                0x00004b34       0xc4 ./ICM_20948/ICM20948.o
                0x00004b34                ICM_20948_gyroSampleRateSet
 .text.ICM_20948_accelSampleRateSet
                0x00004bf8       0xdc ./ICM_20948/ICM20948.o
                0x00004bf8                ICM_20948_accelSampleRateSet
 .text.ICM_20948_lowPowerModeEnter
                0x00004cd4       0xae ./ICM_20948/ICM20948.o
                0x00004cd4                ICM_20948_lowPowerModeEnter
 .text.ICM_20948_sensorEnable
                0x00004d82       0xd0 ./ICM_20948/ICM20948.o
                0x00004d82                ICM_20948_sensorEnable
 .text.ICM_20948_cycleModeEnable
                0x00004e52       0x3c ./ICM_20948/ICM20948.o
                0x00004e52                ICM_20948_cycleModeEnable
 .text.ICM_20948_accelDataRead
                0x00004e8e       0xc2 ./ICM_20948/ICM20948.o
                0x00004e8e                ICM_20948_accelDataRead
 .text.ICM_20948_accelResolutionGet
                0x00004f50       0x76 ./ICM_20948/ICM20948.o
                0x00004f50                ICM_20948_accelResolutionGet
 .text.ICM_20948_accelFullscaleSet
                0x00004fc6       0x64 ./ICM_20948/ICM20948.o
                0x00004fc6                ICM_20948_accelFullscaleSet
 .text.ICM_20948_gyroFullscaleSet
                0x0000502a       0x64 ./ICM_20948/ICM20948.o
                0x0000502a                ICM_20948_gyroFullscaleSet
 .text.ICM_20948_wakeOnMotionITEnable
                0x0000508e       0xa0 ./ICM_20948/ICM20948.o
                0x0000508e                ICM_20948_wakeOnMotionITEnable
 .text.ICM_20948_gyroBandwidthSet
                0x0000512e       0x64 ./ICM_20948/ICM20948.o
                0x0000512e                ICM_20948_gyroBandwidthSet
 .text.ICM_20948_accelBandwidthSet
                0x00005192       0x64 ./ICM_20948/ICM20948.o
                0x00005192                ICM_20948_accelBandwidthSet
 .text.ICM_20948_latchEnable
                0x000051f6       0x4a ./ICM_20948/ICM20948.o
                0x000051f6                ICM_20948_latchEnable
 .text.ICM_20948_read_mag_register
                0x00005240       0x40 ./ICM_20948/ICM20948.o
                0x00005240                ICM_20948_read_mag_register
 .text.ICM_20948_write_mag_register
                0x00005280       0x38 ./ICM_20948/ICM20948.o
                0x00005280                ICM_20948_write_mag_register
 .text.ICM_20948_set_mag_mode
                0x000052b8       0x40 ./ICM_20948/ICM20948.o
                0x000052b8                ICM_20948_set_mag_mode
 .text.ICM_20948_magDataRead
                0x000052f8      0x1e8 ./ICM_20948/ICM20948.o
                0x000052f8                ICM_20948_magDataRead
 .text.ICM_20948_magn_to_angle
                0x000054e0       0x70 ./ICM_20948/ICM20948.o
                0x000054e0                ICM_20948_magn_to_angle
 .text.ICM_20948_accelGyroCalibrate
                0x00005550      0x6e4 ./ICM_20948/ICM20948.o
                0x00005550                ICM_20948_accelGyroCalibrate
 .text.ICM_20948_min_max_mag
                0x00005c34      0x308 ./ICM_20948/ICM20948.o
                0x00005c34                ICM_20948_min_max_mag
 .text.ICM_20948_calibrate_mag
                0x00005f3c      0x1d4 ./ICM_20948/ICM20948.o
                0x00005f3c                ICM_20948_calibrate_mag
 .text.__NVIC_EnableIRQ
                0x00006110       0x34 ./adc/adc.o
 .text.__NVIC_ClearPendingIRQ
                0x00006144       0x38 ./adc/adc.o
 .text.ADC_DataSingleGet
                0x0000617c       0x14 ./adc/adc.o
 .text.ADC_IntClear
                0x00006190       0x18 ./adc/adc.o
 .text.ADC_IntEnable
                0x000061a8       0x1e ./adc/adc.o
 .text.ADC_Start
                0x000061c6       0x1e ./adc/adc.o
 .text.initADC  0x000061e4       0xc4 ./adc/adc.o
                0x000061e4                initADC
 .text.ADC0_IRQHandler
                0x000062a8       0x64 ./adc/adc.o
                0x000062a8                ADC0_IRQHandler
 .text.ADC_Batt_Read
                0x0000630c       0x18 ./adc/adc.o
                0x0000630c                ADC_Batt_Read
 .text.ADC_get_batt
                0x00006324       0x20 ./adc/adc.o
                0x00006324                ADC_get_batt
 .text          0x00006344      0x114 e:/program files/simplicitystudio/developer/toolchains/gnu_arm/7.2_2017q4/bin/../lib/gcc/arm-none-eabi/7.2.1/thumb/v6-m\libgcc.a(_udivsi3.o)
                0x00006344                __aeabi_uidiv
                0x00006344                __udivsi3
                0x00006450                __aeabi_uidivmod
 .text          0x00006458      0x1d4 e:/program files/simplicitystudio/developer/toolchains/gnu_arm/7.2_2017q4/bin/../lib/gcc/arm-none-eabi/7.2.1/thumb/v6-m\libgcc.a(_divsi3.o)
                0x00006458                __divsi3
                0x00006458                __aeabi_idiv
                0x00006624                __aeabi_idivmod
 .text          0x0000662c        0x4 e:/program files/simplicitystudio/developer/toolchains/gnu_arm/7.2_2017q4/bin/../lib/gcc/arm-none-eabi/7.2.1/thumb/v6-m\libgcc.a(_dvmd_tls.o)
                0x0000662c                __aeabi_idiv0
                0x0000662c                __aeabi_ldiv0
 .text          0x00006630       0x7c e:/program files/simplicitystudio/developer/toolchains/gnu_arm/7.2_2017q4/bin/../lib/gcc/arm-none-eabi/7.2.1/thumb/v6-m\libgcc.a(_arm_cmpdf2.o)
                0x00006630                __aeabi_cdrcmple
                0x00006640                __aeabi_cdcmple
                0x00006640                __aeabi_cdcmpeq
                0x00006650                __aeabi_dcmpeq
                0x0000665c                __aeabi_dcmplt
                0x00006670                __aeabi_dcmple
                0x00006684                __aeabi_dcmpgt
                0x00006698                __aeabi_dcmpge
 .text          0x000066ac       0x74 e:/program files/simplicitystudio/developer/toolchains/gnu_arm/7.2_2017q4/bin/../lib/gcc/arm-none-eabi/7.2.1/thumb/v6-m\libgcc.a(_arm_cmpsf2.o)
                0x000066ac                __aeabi_cfrcmple
                0x000066b4                __aeabi_cfcmpeq
                0x000066b4                __aeabi_cfcmple
                0x000066c4                __aeabi_fcmpeq
                0x000066d0                __aeabi_fcmplt
                0x000066e4                __aeabi_fcmple
                0x000066f8                __aeabi_fcmpgt
                0x0000670c                __aeabi_fcmpge
 .text          0x00006720       0x3c e:/program files/simplicitystudio/developer/toolchains/gnu_arm/7.2_2017q4/bin/../lib/gcc/arm-none-eabi/7.2.1/thumb/v6-m\libgcc.a(_clzsi2.o)
                0x00006720                __clzsi2
 .text          0x0000675c       0x40 e:/program files/simplicitystudio/developer/toolchains/gnu_arm/7.2_2017q4/bin/../lib/gcc/arm-none-eabi/7.2.1/thumb/v6-m\libgcc.a(_aeabi_uldivmod.o)
                0x0000675c                __aeabi_uldivmod
 .text          0x0000679c       0x54 e:/program files/simplicitystudio/developer/toolchains/gnu_arm/7.2_2017q4/bin/../lib/gcc/arm-none-eabi/7.2.1/thumb/v6-m\libgcc.a(_muldi3.o)
                0x0000679c                __muldi3
                0x0000679c                __aeabi_lmul
 .text          0x000067f0       0x30 e:/program files/simplicitystudio/developer/toolchains/gnu_arm/7.2_2017q4/bin/../lib/gcc/arm-none-eabi/7.2.1/thumb/v6-m\libgcc.a(_fixunssfsi.o)
                0x000067f0                __fixunssfsi
                0x000067f0                __aeabi_f2uiz
 .text          0x00006820       0x3c e:/program files/simplicitystudio/developer/toolchains/gnu_arm/7.2_2017q4/bin/../lib/gcc/arm-none-eabi/7.2.1/thumb/v6-m\libgcc.a(_fixunsdfsi.o)
                0x00006820                __aeabi_d2uiz
                0x00006820                __fixunsdfsi
 .text          0x0000685c      0x184 e:/program files/simplicitystudio/developer/toolchains/gnu_arm/7.2_2017q4/bin/../lib/gcc/arm-none-eabi/7.2.1/thumb/v6-m\libgcc.a(_udivmoddi4.o)
                0x0000685c                __udivmoddi4
 .text          0x000069e0      0x334 e:/program files/simplicitystudio/developer/toolchains/gnu_arm/7.2_2017q4/bin/../lib/gcc/arm-none-eabi/7.2.1/thumb/v6-m\libgcc.a(addsf3.o)
                0x000069e0                __aeabi_fadd
 .text          0x00006d14      0x224 e:/program files/simplicitystudio/developer/toolchains/gnu_arm/7.2_2017q4/bin/../lib/gcc/arm-none-eabi/7.2.1/thumb/v6-m\libgcc.a(divsf3.o)
                0x00006d14                __aeabi_fdiv
 .text          0x00006f38       0x50 e:/program files/simplicitystudio/developer/toolchains/gnu_arm/7.2_2017q4/bin/../lib/gcc/arm-none-eabi/7.2.1/thumb/v6-m\libgcc.a(eqsf2.o)
                0x00006f38                __eqsf2
                0x00006f38                __nesf2
 .text          0x00006f88       0x9c e:/program files/simplicitystudio/developer/toolchains/gnu_arm/7.2_2017q4/bin/../lib/gcc/arm-none-eabi/7.2.1/thumb/v6-m\libgcc.a(gesf2.o)
                0x00006f88                __gesf2
                0x00006f88                __gtsf2
 .text          0x00007024       0xa0 e:/program files/simplicitystudio/developer/toolchains/gnu_arm/7.2_2017q4/bin/../lib/gcc/arm-none-eabi/7.2.1/thumb/v6-m\libgcc.a(lesf2.o)
                0x00007024                __ltsf2
                0x00007024                __lesf2
 .text          0x000070c4      0x264 e:/program files/simplicitystudio/developer/toolchains/gnu_arm/7.2_2017q4/bin/../lib/gcc/arm-none-eabi/7.2.1/thumb/v6-m\libgcc.a(mulsf3.o)
                0x000070c4                __aeabi_fmul
 .text          0x00007328      0x388 e:/program files/simplicitystudio/developer/toolchains/gnu_arm/7.2_2017q4/bin/../lib/gcc/arm-none-eabi/7.2.1/thumb/v6-m\libgcc.a(subsf3.o)
                0x00007328                __aeabi_fsub
 .text          0x000076b0       0x40 e:/program files/simplicitystudio/developer/toolchains/gnu_arm/7.2_2017q4/bin/../lib/gcc/arm-none-eabi/7.2.1/thumb/v6-m\libgcc.a(fixsfsi.o)
                0x000076b0                __aeabi_f2iz
 .text          0x000076f0       0x94 e:/program files/simplicitystudio/developer/toolchains/gnu_arm/7.2_2017q4/bin/../lib/gcc/arm-none-eabi/7.2.1/thumb/v6-m\libgcc.a(floatsisf.o)
                0x000076f0                __aeabi_i2f
 .text          0x00007784      0x638 e:/program files/simplicitystudio/developer/toolchains/gnu_arm/7.2_2017q4/bin/../lib/gcc/arm-none-eabi/7.2.1/thumb/v6-m\libgcc.a(adddf3.o)
                0x00007784                __aeabi_dadd
 .text          0x00007dbc      0x604 e:/program files/simplicitystudio/developer/toolchains/gnu_arm/7.2_2017q4/bin/../lib/gcc/arm-none-eabi/7.2.1/thumb/v6-m\libgcc.a(divdf3.o)
                0x00007dbc                __aeabi_ddiv
 .text          0x000083c0       0x78 e:/program files/simplicitystudio/developer/toolchains/gnu_arm/7.2_2017q4/bin/../lib/gcc/arm-none-eabi/7.2.1/thumb/v6-m\libgcc.a(eqdf2.o)
                0x000083c0                __nedf2
                0x000083c0                __eqdf2
 .text          0x00008438       0xc8 e:/program files/simplicitystudio/developer/toolchains/gnu_arm/7.2_2017q4/bin/../lib/gcc/arm-none-eabi/7.2.1/thumb/v6-m\libgcc.a(gedf2.o)
                0x00008438                __gedf2
                0x00008438                __gtdf2
 .text          0x00008500       0xd0 e:/program files/simplicitystudio/developer/toolchains/gnu_arm/7.2_2017q4/bin/../lib/gcc/arm-none-eabi/7.2.1/thumb/v6-m\libgcc.a(ledf2.o)
                0x00008500                __ledf2
                0x00008500                __ltdf2
 .text          0x000085d0      0x4e4 e:/program files/simplicitystudio/developer/toolchains/gnu_arm/7.2_2017q4/bin/../lib/gcc/arm-none-eabi/7.2.1/thumb/v6-m\libgcc.a(muldf3.o)
                0x000085d0                __aeabi_dmul
 .text          0x00008ab4      0x690 e:/program files/simplicitystudio/developer/toolchains/gnu_arm/7.2_2017q4/bin/../lib/gcc/arm-none-eabi/7.2.1/thumb/v6-m\libgcc.a(subdf3.o)
                0x00008ab4                __aeabi_dsub
 .text          0x00009144       0x6c e:/program files/simplicitystudio/developer/toolchains/gnu_arm/7.2_2017q4/bin/../lib/gcc/arm-none-eabi/7.2.1/thumb/v6-m\libgcc.a(fixdfsi.o)
                0x00009144                __aeabi_d2iz
 .text          0x000091b0       0x74 e:/program files/simplicitystudio/developer/toolchains/gnu_arm/7.2_2017q4/bin/../lib/gcc/arm-none-eabi/7.2.1/thumb/v6-m\libgcc.a(floatsidf.o)
                0x000091b0                __aeabi_i2d
 .text          0x00009224       0x64 e:/program files/simplicitystudio/developer/toolchains/gnu_arm/7.2_2017q4/bin/../lib/gcc/arm-none-eabi/7.2.1/thumb/v6-m\libgcc.a(floatunsidf.o)
                0x00009224                __aeabi_ui2d
 .text          0x00009288       0xa4 e:/program files/simplicitystudio/developer/toolchains/gnu_arm/7.2_2017q4/bin/../lib/gcc/arm-none-eabi/7.2.1/thumb/v6-m\libgcc.a(extendsfdf2.o)
                0x00009288                __aeabi_f2d
 .text          0x0000932c      0x108 e:/program files/simplicitystudio/developer/toolchains/gnu_arm/7.2_2017q4/bin/../lib/gcc/arm-none-eabi/7.2.1/thumb/v6-m\libgcc.a(truncdfsf2.o)
                0x0000932c                __aeabi_d2f
 .text          0x00009434       0x18 e:/program files/simplicitystudio/developer/toolchains/gnu_arm/7.2_2017q4/bin/../lib/gcc/arm-none-eabi/7.2.1/thumb/v6-m\libgcc.a(_clzdi2.o)
                0x00009434                __clzdi2
 .text.exit     0x0000944c       0x2c e:/program files/simplicitystudio/developer/toolchains/gnu_arm/7.2_2017q4/bin/../lib/gcc/arm-none-eabi/7.2.1/../../../../arm-none-eabi/lib/thumb/v6-m\libc_nano.a(lib_a-exit.o)
                0x0000944c                exit
 .text.__libc_init_array
                0x00009478       0x48 e:/program files/simplicitystudio/developer/toolchains/gnu_arm/7.2_2017q4/bin/../lib/gcc/arm-none-eabi/7.2.1/../../../../arm-none-eabi/lib/thumb/v6-m\libc_nano.a(lib_a-init.o)
                0x00009478                __libc_init_array
 .text.memset   0x000094c0       0x10 e:/program files/simplicitystudio/developer/toolchains/gnu_arm/7.2_2017q4/bin/../lib/gcc/arm-none-eabi/7.2.1/../../../../arm-none-eabi/lib/thumb/v6-m\libc_nano.a(lib_a-memset.o)
                0x000094c0                memset
 .text._exit    0x000094d0        0x4 e:/program files/simplicitystudio/developer/toolchains/gnu_arm/7.2_2017q4/bin/../lib/gcc/arm-none-eabi/7.2.1/../../../../arm-none-eabi/lib/thumb/v6-m\libnosys.a(_exit.o)
                0x000094d0                _exit
 *(.init)
 .init          0x000094d4        0x4 e:/program files/simplicitystudio/developer/toolchains/gnu_arm/7.2_2017q4/bin/../lib/gcc/arm-none-eabi/7.2.1/thumb/v6-m/crti.o
                0x000094d4                _init
 .init          0x000094d8        0x8 e:/program files/simplicitystudio/developer/toolchains/gnu_arm/7.2_2017q4/bin/../lib/gcc/arm-none-eabi/7.2.1/thumb/v6-m/crtn.o
 *(.fini)
 .fini          0x000094e0        0x4 e:/program files/simplicitystudio/developer/toolchains/gnu_arm/7.2_2017q4/bin/../lib/gcc/arm-none-eabi/7.2.1/thumb/v6-m/crti.o
                0x000094e0                _fini
 .fini          0x000094e4        0x8 e:/program files/simplicitystudio/developer/toolchains/gnu_arm/7.2_2017q4/bin/../lib/gcc/arm-none-eabi/7.2.1/thumb/v6-m/crtn.o
 *fill*         0x000094ec        0x4 
 .fini.__stub   0x000094f0       0x10 linker stubs
 *crtbegin.o(.ctors)
 *crtbegin?.o(.ctors)
 *(EXCLUDE_FILE(*crtend.o *crtend?.o) .ctors)
 *(SORT_BY_NAME(.ctors.*))
 *(.ctors)
 *crtbegin.o(.dtors)
 *crtbegin?.o(.dtors)
 *(EXCLUDE_FILE(*crtend.o *crtend?.o) .dtors)
 *(SORT_BY_NAME(.dtors.*))
 *(.dtors)
 *(.rodata*)
 .rodata        0x00009500       0x3b ./src/main.o
 *fill*         0x0000953b        0x1 
 .rodata.main   0x0000953c       0x18 ./src/main.o
 .rodata.ADC_LoadDevinfoCal
                0x00009554       0x1c ./emlib/em_adc.o
 .rodata.CMU_ClockDivSet
                0x00009570       0x28 ./emlib/em_cmu.o
 .rodata.CMU_ClockEnable
                0x00009598       0x2c ./emlib/em_cmu.o
 .rodata.CMU_ClockSelectGet
                0x000095c4       0x20 ./emlib/em_cmu.o
 .rodata.CMU_ClockSelectSet
                0x000095e4       0x88 ./emlib/em_cmu.o
 .rodata.CMU_OscillatorEnable
                0x0000966c       0x18 ./emlib/em_cmu.o
 .rodata.i2cNSum
                0x00009684        0x4 ./emlib/em_i2c.o
 .rodata.I2C_Transfer
                0x00009688       0x24 ./emlib/em_i2c.o
 .rodata.initRTC
                0x000096ac        0x3 ./emlib/rtcdriver.o
 *fill*         0x000096af        0x1 
 .rodata        0x000096b0       0x7f ./delay/delay.o
 *fill*         0x0000972f        0x1 
 .rodata        0x00009730      0x19c ./dbprint/dbprint.o
 .rodata.dbprint_INIT
                0x000098cc       0x50 ./dbprint/dbprint.o
 .rodata.dbprint_color
                0x0000991c       0x1c ./dbprint/dbprint.o
 *fill*         0x00009938        0x0 
 .rodata.atanhi
                0x00009938       0x20 e:/program files/simplicitystudio/developer/toolchains/gnu_arm/7.2_2017q4/bin/../lib/gcc/arm-none-eabi/7.2.1/../../../../arm-none-eabi/lib/thumb/v6-m\libm.a(lib_a-s_atan.o)
 .rodata.atanlo
                0x00009958       0x20 e:/program files/simplicitystudio/developer/toolchains/gnu_arm/7.2_2017q4/bin/../lib/gcc/arm-none-eabi/7.2.1/../../../../arm-none-eabi/lib/thumb/v6-m\libm.a(lib_a-s_atan.o)
 .rodata.ledArray
                0x00009978       0x10 ./BSP/bsp_stk_leds.o
 .rodata        0x00009988       0xa5 ./ICM_20948/ICM20948.o
 *fill*         0x00009a2d        0x3 
 .rodata.ICM_20948_set_mag_mode
                0x00009a30       0x5c ./ICM_20948/ICM20948.o
 .rodata        0x00009a8c       0x80 e:/program files/simplicitystudio/developer/toolchains/gnu_arm/7.2_2017q4/bin/../lib/gcc/arm-none-eabi/7.2.1/thumb/v6-m\libgcc.a(divsf3.o)
 .rodata        0x00009b0c       0x40 e:/program files/simplicitystudio/developer/toolchains/gnu_arm/7.2_2017q4/bin/../lib/gcc/arm-none-eabi/7.2.1/thumb/v6-m\libgcc.a(mulsf3.o)
 .rodata        0x00009b4c       0x40 e:/program files/simplicitystudio/developer/toolchains/gnu_arm/7.2_2017q4/bin/../lib/gcc/arm-none-eabi/7.2.1/thumb/v6-m\libgcc.a(divdf3.o)
 .rodata        0x00009b8c       0x40 e:/program files/simplicitystudio/developer/toolchains/gnu_arm/7.2_2017q4/bin/../lib/gcc/arm-none-eabi/7.2.1/thumb/v6-m\libgcc.a(muldf3.o)
 .rodata._global_impure_ptr
                0x00009bcc        0x4 e:/program files/simplicitystudio/developer/toolchains/gnu_arm/7.2_2017q4/bin/../lib/gcc/arm-none-eabi/7.2.1/../../../../arm-none-eabi/lib/thumb/v6-m\libc_nano.a(lib_a-impure.o)
                0x00009bcc                _global_impure_ptr
 *(.eh_frame*)
 .eh_frame      0x00009bd0        0x0 e:/program files/simplicitystudio/developer/toolchains/gnu_arm/7.2_2017q4/bin/../lib/gcc/arm-none-eabi/7.2.1/thumb/v6-m/crtbegin.o
 .eh_frame      0x00009bd0        0x4 e:/program files/simplicitystudio/developer/toolchains/gnu_arm/7.2_2017q4/bin/../lib/gcc/arm-none-eabi/7.2.1/thumb/v6-m/crtend.o

.glue_7         0x00009bd4        0x0
 .glue_7        0x00009bd4        0x0 linker stubs

.glue_7t        0x00009bd4        0x0
 .glue_7t       0x00009bd4        0x0 linker stubs

.vfp11_veneer   0x00009bd4        0x0
 .vfp11_veneer  0x00009bd4        0x0 linker stubs

.v4_bx          0x00009bd4        0x0
 .v4_bx         0x00009bd4        0x0 linker stubs

.iplt           0x00009bd4        0x0
 .iplt          0x00009bd4        0x0 e:/program files/simplicitystudio/developer/toolchains/gnu_arm/7.2_2017q4/bin/../lib/gcc/arm-none-eabi/7.2.1/thumb/v6-m/crtbegin.o

.ARM.extab
 *(.ARM.extab* .gnu.linkonce.armextab.*)
                0x00009bd4                __exidx_start = .

.ARM.exidx      0x00009bd4        0x8
 *(.ARM.exidx* .gnu.linkonce.armexidx.*)
 .ARM.exidx     0x00009bd4        0x8 e:/program files/simplicitystudio/developer/toolchains/gnu_arm/7.2_2017q4/bin/../lib/gcc/arm-none-eabi/7.2.1/../../../../arm-none-eabi/lib/thumb/v6-m/crt0.o
 .ARM.exidx     0x00009bdc        0x0 e:/program files/simplicitystudio/developer/toolchains/gnu_arm/7.2_2017q4/bin/../lib/gcc/arm-none-eabi/7.2.1/thumb/v6-m\libgcc.a(_udivmoddi4.o)
                                  0x8 (size before relaxing)
                0x00009bdc                __exidx_end = .
                0x00009bdc                __etext = .

.rel.dyn        0x00009bdc        0x0
 .rel.iplt      0x00009bdc        0x0 e:/program files/simplicitystudio/developer/toolchains/gnu_arm/7.2_2017q4/bin/../lib/gcc/arm-none-eabi/7.2.1/thumb/v6-m/crtbegin.o

.data           0x20000000       0xcc load address 0x00009bdc
                0x20000000                __data_start__ = .
 *(vtable)
 *(.data*)
 .data.ushfrcoFreq
                0x20000000        0x4 ./emlib/em_cmu.o
 .data.i2cInit  0x20000004       0x18 ./Comm/I2C.o
                0x20000004                i2cInit
 .data.SystemHFXOClock
                0x2000001c        0x4 ./CMSIS/EFM32HG/system_efm32hg.o
 .data.SystemLFXOClock
                0x20000020        0x4 ./CMSIS/EFM32HG/system_efm32hg.o
 .data.SystemCoreClock
                0x20000024        0x4 ./CMSIS/EFM32HG/system_efm32hg.o
                0x20000024                SystemCoreClock
 .data.mag_minimumRange
                0x20000028        0x4 ./ICM_20948/ICM20948.o
                0x20000028                mag_minimumRange
 .data.tX       0x2000002c        0x6 ./ICM_20948/ICM20948.o
                0x2000002c                tX
 *fill*         0x20000032        0x2 
 .data.tY       0x20000034        0x6 ./ICM_20948/ICM20948.o
                0x20000034                tY
 *fill*         0x2000003a        0x2 
 .data.tZ       0x2000003c        0x6 ./ICM_20948/ICM20948.o
                0x2000003c                tZ
 *fill*         0x20000042        0x2 
 .data._magScale
                0x20000044        0x4 ./ICM_20948/ICM20948.o
                0x20000044                _magScale
 .data._hxs     0x20000048        0x4 ./ICM_20948/ICM20948.o
 .data._hys     0x2000004c        0x4 ./ICM_20948/ICM20948.o
 .data._hzs     0x20000050        0x4 ./ICM_20948/ICM20948.o
 .data.impure_data
                0x20000054       0x60 e:/program files/simplicitystudio/developer/toolchains/gnu_arm/7.2_2017q4/bin/../lib/gcc/arm-none-eabi/7.2.1/../../../../arm-none-eabi/lib/thumb/v6-m\libc_nano.a(lib_a-impure.o)
                0x200000b4                . = ALIGN (0x4)
                [!provide]                PROVIDE (__ram_func_section_start, .)
 *(.ram)
 .ram           0x200000b4       0x10 ./emlib/em_emu.o
                [!provide]                PROVIDE (__ram_func_section_end, .)
                0x200000c4                . = ALIGN (0x4)
                0x200000c4                PROVIDE (__preinit_array_start, .)
 *(.preinit_array)
                0x200000c4                PROVIDE (__preinit_array_end, .)
                0x200000c4                . = ALIGN (0x4)
                0x200000c4                PROVIDE (__init_array_start, .)
 *(SORT_BY_NAME(.init_array.*))
 *(.init_array)
 .init_array    0x200000c4        0x4 e:/program files/simplicitystudio/developer/toolchains/gnu_arm/7.2_2017q4/bin/../lib/gcc/arm-none-eabi/7.2.1/thumb/v6-m/crtbegin.o
                0x200000c8                PROVIDE (__init_array_end, .)
                0x200000c8                . = ALIGN (0x4)
                [!provide]                PROVIDE (__fini_array_start, .)
 *(SORT_BY_NAME(.fini_array.*))
 *(.fini_array)
 .fini_array    0x200000c8        0x4 e:/program files/simplicitystudio/developer/toolchains/gnu_arm/7.2_2017q4/bin/../lib/gcc/arm-none-eabi/7.2.1/thumb/v6-m/crtbegin.o
                [!provide]                PROVIDE (__fini_array_end, .)
 *(.jcr*)
                0x200000cc                . = ALIGN (0x4)
                0x200000cc                __data_end__ = .

.igot.plt       0x200000cc        0x0 load address 0x00009ca8
 .igot.plt      0x200000cc        0x0 e:/program files/simplicitystudio/developer/toolchains/gnu_arm/7.2_2017q4/bin/../lib/gcc/arm-none-eabi/7.2.1/thumb/v6-m/crtbegin.o

.bss            0x200000d0      0x1e4 load address 0x00009cb0
                0x200000d0                . = ALIGN (0x4)
                0x200000d0                __bss_start__ = .
 *(.bss*)
 .bss           0x200000d0       0x1c e:/program files/simplicitystudio/developer/toolchains/gnu_arm/7.2_2017q4/bin/../lib/gcc/arm-none-eabi/7.2.1/thumb/v6-m/crtbegin.o
 .bss.appState  0x200000ec        0x1 ./src/main.o
 .bss.IMU_MEASURING
                0x200000ed        0x1 ./src/main.o
                0x200000ed                IMU_MEASURING
 .bss._sleep    0x200000ee        0x1 ./src/main.o
                0x200000ee                _sleep
 *fill*         0x200000ef        0x1 
 .bss.cmuStatus.8017
                0x200000f0        0x4 ./emlib/em_emu.o
 .bss.hfClock.8018
                0x200000f4        0x1 ./emlib/em_emu.o
 *fill*         0x200000f5        0x3 
 .bss.i2cTransfer
                0x200000f8        0xc ./emlib/em_i2c.o
 *fill*         0x20000104        0x4 
 .bss.timer     0x20000108       0x28 ./emlib/rtcdriver.o
 .bss.lastStart
                0x20000130        0x4 ./emlib/rtcdriver.o
 .bss.startTimerNestingLevel
                0x20000134        0x4 ./emlib/rtcdriver.o
 .bss.inTimerIRQ
                0x20000138        0x1 ./emlib/rtcdriver.o
 .bss.rtcRunning
                0x20000139        0x1 ./emlib/rtcdriver.o
 .bss.rtcdrvIsInitialized
                0x2000013a        0x1 ./emlib/rtcdriver.o
 *fill*         0x2000013b        0x1 
 .bss.wallClockOverflowCnt
                0x2000013c        0x4 ./emlib/rtcdriver.o
 .bss.wallClockTimeBase
                0x20000140        0x4 ./emlib/rtcdriver.o
 .bss.msTicks   0x20000144        0x4 ./delay/delay.o
 .bss.SysTick_initialized
                0x20000148        0x1 ./delay/delay.o
                0x20000148                SysTick_initialized
 .bss.dataReceived
                0x20000149        0x1 ./dbprint/dbprint.o
                0x20000149                dataReceived
 *fill*         0x2000014a        0x2 
 .bss.i.8302    0x2000014c        0x4 ./dbprint/dbprint.o
 .bss.i.8307    0x20000150        0x4 ./dbprint/dbprint.o
 .bss.ICM_20948_Initialized
                0x20000154        0x1 ./ICM_20948/ICM20948.o
                0x20000154                ICM_20948_Initialized
 *fill*         0x20000155        0x3 
 .bss._hxb      0x20000158        0x4 ./ICM_20948/ICM20948.o
 .bss._hyb      0x2000015c        0x4 ./ICM_20948/ICM20948.o
 .bss._hzb      0x20000160        0x4 ./ICM_20948/ICM20948.o
 *(COMMON)
 COMMON         0x20000164       0x98 ./src/main.o
                0x20000164                interruptStatus
                0x20000168                angle
                0x2000016c                data
                0x200001f0                IMU_Idle_Timer
                0x200001f4                millivolts
                0x200001f8                sample
 COMMON         0x200001fc       0xa4 ./dbprint/dbprint.o
                0x200001fc                dbpointer
                0x20000200                rx_buffer
                0x20000250                tx_buffer
 COMMON         0x200002a0       0x14 ./ICM_20948/ICM20948.o
                0x200002a0                _hycounts
                0x200002a4                _hz
                0x200002a8                _hy
                0x200002ac                _hx
                0x200002b0                _hzcounts
                0x200002b2                _hxcounts
                0x200002b4                . = ALIGN (0x4)
                0x200002b4                __bss_end__ = .

.heap           0x200002b8      0x400
                0x200002b8                __HeapBase = .
                0x200002b8                __end__ = .
                0x200002b8                end = __end__
                0x200002b8                _end = __end__
 *(.heap*)
 .heap          0x200002b8      0x400 ./CMSIS/EFM32HG/startup_efm32hg.o
                0x200006b8                __HeapLimit = .

.stack_dummy    0x200002b8      0x400
 *(.stack*)
 .stack         0x200002b8      0x400 ./CMSIS/EFM32HG/startup_efm32hg.o
                0x20002000                __StackTop = (ORIGIN (RAM) + LENGTH (RAM))
                0x20001c00                __StackLimit = (__StackTop - SIZEOF (.stack_dummy))
                0x20002000                PROVIDE (__stack, __StackTop)
                0x00000001                ASSERT ((__StackLimit >= __HeapLimit), region RAM overflowed with stack)
                0x00000001                ASSERT ((LENGTH (FLASH) >= (__etext + SIZEOF (.data))), FLASH memory overflowed !)
OUTPUT(Embedded_II_ICM_20948.axf elf32-littlearm)

.ARM.attributes
                0x00000000       0x28
 .ARM.attributes
                0x00000000       0x1e e:/program files/simplicitystudio/developer/toolchains/gnu_arm/7.2_2017q4/bin/../lib/gcc/arm-none-eabi/7.2.1/thumb/v6-m/crti.o
 .ARM.attributes
                0x0000001e       0x2c e:/program files/simplicitystudio/developer/toolchains/gnu_arm/7.2_2017q4/bin/../lib/gcc/arm-none-eabi/7.2.1/thumb/v6-m/crtbegin.o
 .ARM.attributes
                0x0000004a       0x1b e:/program files/simplicitystudio/developer/toolchains/gnu_arm/7.2_2017q4/bin/../lib/gcc/arm-none-eabi/7.2.1/../../../../arm-none-eabi/lib/thumb/v6-m/crt0.o
 .ARM.attributes
                0x00000065       0x32 ./src/main.o
 .ARM.attributes
                0x00000097       0x32 ./interrupt/interrupt.o
 .ARM.attributes
                0x000000c9       0x32 ./emlib/em_adc.o
 .ARM.attributes
                0x000000fb       0x32 ./emlib/em_cmu.o
 .ARM.attributes
                0x0000012d       0x32 ./emlib/em_core.o
 .ARM.attributes
                0x0000015f       0x32 ./emlib/em_emu.o
 .ARM.attributes
                0x00000191       0x32 ./emlib/em_gpio.o
 .ARM.attributes
                0x000001c3       0x32 ./emlib/em_i2c.o
 .ARM.attributes
                0x000001f5       0x32 ./emlib/em_rtc.o
 .ARM.attributes
                0x00000227       0x32 ./emlib/em_usart.o
 .ARM.attributes
                0x00000259       0x32 ./emlib/i2cspm.o
 .ARM.attributes
                0x0000028b       0x32 ./emlib/rtcdriver.o
 .ARM.attributes
                0x000002bd       0x32 ./delay/delay.o
 .ARM.attributes
                0x000002ef       0x32 ./delay/timer.o
 .ARM.attributes
                0x00000321       0x32 ./dbprint/dbprint.o
 .ARM.attributes
                0x00000353       0x32 ./Comm/I2C.o
 .ARM.attributes
                0x00000385       0x1b ./CMSIS/EFM32HG/startup_efm32hg.o
 .ARM.attributes
                0x000003a0       0x32 ./CMSIS/EFM32HG/system_efm32hg.o
 .ARM.attributes
                0x000003d2       0x2c e:/program files/simplicitystudio/developer/toolchains/gnu_arm/7.2_2017q4/bin/../lib/gcc/arm-none-eabi/7.2.1/../../../../arm-none-eabi/lib/thumb/v6-m\libm.a(lib_a-w_atan2.o)
 .ARM.attributes
                0x000003fe       0x2c e:/program files/simplicitystudio/developer/toolchains/gnu_arm/7.2_2017q4/bin/../lib/gcc/arm-none-eabi/7.2.1/../../../../arm-none-eabi/lib/thumb/v6-m\libm.a(lib_a-e_atan2.o)
 .ARM.attributes
                0x0000042a       0x2c e:/program files/simplicitystudio/developer/toolchains/gnu_arm/7.2_2017q4/bin/../lib/gcc/arm-none-eabi/7.2.1/../../../../arm-none-eabi/lib/thumb/v6-m\libm.a(lib_a-s_atan.o)
 .ARM.attributes
                0x00000456       0x2c e:/program files/simplicitystudio/developer/toolchains/gnu_arm/7.2_2017q4/bin/../lib/gcc/arm-none-eabi/7.2.1/../../../../arm-none-eabi/lib/thumb/v6-m\libm.a(lib_a-s_fabs.o)
 .ARM.attributes
                0x00000482       0x32 ./BSP/bsp_stk_leds.o
 .ARM.attributes
                0x000004b4       0x32 ./ICM_20948/ICM20948.o
 .ARM.attributes
                0x000004e6       0x32 ./adc/adc.o
 .ARM.attributes
                0x00000518       0x1e e:/program files/simplicitystudio/developer/toolchains/gnu_arm/7.2_2017q4/bin/../lib/gcc/arm-none-eabi/7.2.1/thumb/v6-m\libgcc.a(_udivsi3.o)
 .ARM.attributes
                0x00000536       0x1e e:/program files/simplicitystudio/developer/toolchains/gnu_arm/7.2_2017q4/bin/../lib/gcc/arm-none-eabi/7.2.1/thumb/v6-m\libgcc.a(_divsi3.o)
 .ARM.attributes
                0x00000554       0x1e e:/program files/simplicitystudio/developer/toolchains/gnu_arm/7.2_2017q4/bin/../lib/gcc/arm-none-eabi/7.2.1/thumb/v6-m\libgcc.a(_dvmd_tls.o)
 .ARM.attributes
                0x00000572       0x1e e:/program files/simplicitystudio/developer/toolchains/gnu_arm/7.2_2017q4/bin/../lib/gcc/arm-none-eabi/7.2.1/thumb/v6-m\libgcc.a(_arm_cmpdf2.o)
 .ARM.attributes
                0x00000590       0x1e e:/program files/simplicitystudio/developer/toolchains/gnu_arm/7.2_2017q4/bin/../lib/gcc/arm-none-eabi/7.2.1/thumb/v6-m\libgcc.a(_arm_cmpsf2.o)
 .ARM.attributes
                0x000005ae       0x1e e:/program files/simplicitystudio/developer/toolchains/gnu_arm/7.2_2017q4/bin/../lib/gcc/arm-none-eabi/7.2.1/thumb/v6-m\libgcc.a(_clzsi2.o)
 .ARM.attributes
                0x000005cc       0x1e e:/program files/simplicitystudio/developer/toolchains/gnu_arm/7.2_2017q4/bin/../lib/gcc/arm-none-eabi/7.2.1/thumb/v6-m\libgcc.a(_aeabi_uldivmod.o)
 .ARM.attributes
                0x000005ea       0x2c e:/program files/simplicitystudio/developer/toolchains/gnu_arm/7.2_2017q4/bin/../lib/gcc/arm-none-eabi/7.2.1/thumb/v6-m\libgcc.a(_muldi3.o)
 .ARM.attributes
                0x00000616       0x2c e:/program files/simplicitystudio/developer/toolchains/gnu_arm/7.2_2017q4/bin/../lib/gcc/arm-none-eabi/7.2.1/thumb/v6-m\libgcc.a(_fixunssfsi.o)
 .ARM.attributes
                0x00000642       0x2c e:/program files/simplicitystudio/developer/toolchains/gnu_arm/7.2_2017q4/bin/../lib/gcc/arm-none-eabi/7.2.1/thumb/v6-m\libgcc.a(_fixunsdfsi.o)
 .ARM.attributes
                0x0000066e       0x2c e:/program files/simplicitystudio/developer/toolchains/gnu_arm/7.2_2017q4/bin/../lib/gcc/arm-none-eabi/7.2.1/thumb/v6-m\libgcc.a(_udivmoddi4.o)
 .ARM.attributes
                0x0000069a       0x2c e:/program files/simplicitystudio/developer/toolchains/gnu_arm/7.2_2017q4/bin/../lib/gcc/arm-none-eabi/7.2.1/thumb/v6-m\libgcc.a(addsf3.o)
 .ARM.attributes
                0x000006c6       0x2c e:/program files/simplicitystudio/developer/toolchains/gnu_arm/7.2_2017q4/bin/../lib/gcc/arm-none-eabi/7.2.1/thumb/v6-m\libgcc.a(divsf3.o)
 .ARM.attributes
                0x000006f2       0x2c e:/program files/simplicitystudio/developer/toolchains/gnu_arm/7.2_2017q4/bin/../lib/gcc/arm-none-eabi/7.2.1/thumb/v6-m\libgcc.a(eqsf2.o)
 .ARM.attributes
                0x0000071e       0x2c e:/program files/simplicitystudio/developer/toolchains/gnu_arm/7.2_2017q4/bin/../lib/gcc/arm-none-eabi/7.2.1/thumb/v6-m\libgcc.a(gesf2.o)
 .ARM.attributes
                0x0000074a       0x2c e:/program files/simplicitystudio/developer/toolchains/gnu_arm/7.2_2017q4/bin/../lib/gcc/arm-none-eabi/7.2.1/thumb/v6-m\libgcc.a(lesf2.o)
 .ARM.attributes
                0x00000776       0x2c e:/program files/simplicitystudio/developer/toolchains/gnu_arm/7.2_2017q4/bin/../lib/gcc/arm-none-eabi/7.2.1/thumb/v6-m\libgcc.a(mulsf3.o)
 .ARM.attributes
                0x000007a2       0x2c e:/program files/simplicitystudio/developer/toolchains/gnu_arm/7.2_2017q4/bin/../lib/gcc/arm-none-eabi/7.2.1/thumb/v6-m\libgcc.a(subsf3.o)
 .ARM.attributes
                0x000007ce       0x2c e:/program files/simplicitystudio/developer/toolchains/gnu_arm/7.2_2017q4/bin/../lib/gcc/arm-none-eabi/7.2.1/thumb/v6-m\libgcc.a(fixsfsi.o)
 .ARM.attributes
                0x000007fa       0x2c e:/program files/simplicitystudio/developer/toolchains/gnu_arm/7.2_2017q4/bin/../lib/gcc/arm-none-eabi/7.2.1/thumb/v6-m\libgcc.a(floatsisf.o)
 .ARM.attributes
                0x00000826       0x2c e:/program files/simplicitystudio/developer/toolchains/gnu_arm/7.2_2017q4/bin/../lib/gcc/arm-none-eabi/7.2.1/thumb/v6-m\libgcc.a(adddf3.o)
 .ARM.attributes
                0x00000852       0x2c e:/program files/simplicitystudio/developer/toolchains/gnu_arm/7.2_2017q4/bin/../lib/gcc/arm-none-eabi/7.2.1/thumb/v6-m\libgcc.a(divdf3.o)
 .ARM.attributes
                0x0000087e       0x2c e:/program files/simplicitystudio/developer/toolchains/gnu_arm/7.2_2017q4/bin/../lib/gcc/arm-none-eabi/7.2.1/thumb/v6-m\libgcc.a(eqdf2.o)
 .ARM.attributes
                0x000008aa       0x2c e:/program files/simplicitystudio/developer/toolchains/gnu_arm/7.2_2017q4/bin/../lib/gcc/arm-none-eabi/7.2.1/thumb/v6-m\libgcc.a(gedf2.o)
 .ARM.attributes
                0x000008d6       0x2c e:/program files/simplicitystudio/developer/toolchains/gnu_arm/7.2_2017q4/bin/../lib/gcc/arm-none-eabi/7.2.1/thumb/v6-m\libgcc.a(ledf2.o)
 .ARM.attributes
                0x00000902       0x2c e:/program files/simplicitystudio/developer/toolchains/gnu_arm/7.2_2017q4/bin/../lib/gcc/arm-none-eabi/7.2.1/thumb/v6-m\libgcc.a(muldf3.o)
 .ARM.attributes
                0x0000092e       0x2c e:/program files/simplicitystudio/developer/toolchains/gnu_arm/7.2_2017q4/bin/../lib/gcc/arm-none-eabi/7.2.1/thumb/v6-m\libgcc.a(subdf3.o)
 .ARM.attributes
                0x0000095a       0x2c e:/program files/simplicitystudio/developer/toolchains/gnu_arm/7.2_2017q4/bin/../lib/gcc/arm-none-eabi/7.2.1/thumb/v6-m\libgcc.a(fixdfsi.o)
 .ARM.attributes
                0x00000986       0x2c e:/program files/simplicitystudio/developer/toolchains/gnu_arm/7.2_2017q4/bin/../lib/gcc/arm-none-eabi/7.2.1/thumb/v6-m\libgcc.a(floatsidf.o)
 .ARM.attributes
                0x000009b2       0x2c e:/program files/simplicitystudio/developer/toolchains/gnu_arm/7.2_2017q4/bin/../lib/gcc/arm-none-eabi/7.2.1/thumb/v6-m\libgcc.a(floatunsidf.o)
 .ARM.attributes
                0x000009de       0x2c e:/program files/simplicitystudio/developer/toolchains/gnu_arm/7.2_2017q4/bin/../lib/gcc/arm-none-eabi/7.2.1/thumb/v6-m\libgcc.a(extendsfdf2.o)
 .ARM.attributes
                0x00000a0a       0x2c e:/program files/simplicitystudio/developer/toolchains/gnu_arm/7.2_2017q4/bin/../lib/gcc/arm-none-eabi/7.2.1/thumb/v6-m\libgcc.a(truncdfsf2.o)
 .ARM.attributes
                0x00000a36       0x1e e:/program files/simplicitystudio/developer/toolchains/gnu_arm/7.2_2017q4/bin/../lib/gcc/arm-none-eabi/7.2.1/thumb/v6-m\libgcc.a(_clzdi2.o)
 .ARM.attributes
                0x00000a54       0x2c e:/program files/simplicitystudio/developer/toolchains/gnu_arm/7.2_2017q4/bin/../lib/gcc/arm-none-eabi/7.2.1/../../../../arm-none-eabi/lib/thumb/v6-m\libc_nano.a(lib_a-exit.o)
 .ARM.attributes
                0x00000a80       0x2c e:/program files/simplicitystudio/developer/toolchains/gnu_arm/7.2_2017q4/bin/../lib/gcc/arm-none-eabi/7.2.1/../../../../arm-none-eabi/lib/thumb/v6-m\libc_nano.a(lib_a-impure.o)
 .ARM.attributes
                0x00000aac       0x2c e:/program files/simplicitystudio/developer/toolchains/gnu_arm/7.2_2017q4/bin/../lib/gcc/arm-none-eabi/7.2.1/../../../../arm-none-eabi/lib/thumb/v6-m\libc_nano.a(lib_a-init.o)
 .ARM.attributes
                0x00000ad8       0x2c e:/program files/simplicitystudio/developer/toolchains/gnu_arm/7.2_2017q4/bin/../lib/gcc/arm-none-eabi/7.2.1/../../../../arm-none-eabi/lib/thumb/v6-m\libc_nano.a(lib_a-memset.o)
 .ARM.attributes
                0x00000b04       0x2c e:/program files/simplicitystudio/developer/toolchains/gnu_arm/7.2_2017q4/bin/../lib/gcc/arm-none-eabi/7.2.1/../../../../arm-none-eabi/lib/thumb/v6-m\libnosys.a(_exit.o)
 .ARM.attributes
                0x00000b30       0x2c e:/program files/simplicitystudio/developer/toolchains/gnu_arm/7.2_2017q4/bin/../lib/gcc/arm-none-eabi/7.2.1/thumb/v6-m/crtend.o
 .ARM.attributes
                0x00000b5c       0x1e e:/program files/simplicitystudio/developer/toolchains/gnu_arm/7.2_2017q4/bin/../lib/gcc/arm-none-eabi/7.2.1/thumb/v6-m/crtn.o

.comment        0x00000000       0x7e
 .comment       0x00000000       0x7e ./src/main.o
                                 0x7f (size before relaxing)
 .comment       0x0000007e       0x7f ./interrupt/interrupt.o
 .comment       0x0000007e       0x7f ./emlib/em_adc.o
 .comment       0x0000007e       0x7f ./emlib/em_cmu.o
 .comment       0x0000007e       0x7f ./emlib/em_core.o
 .comment       0x0000007e       0x7f ./emlib/em_emu.o
 .comment       0x0000007e       0x7f ./emlib/em_gpio.o
 .comment       0x0000007e       0x7f ./emlib/em_i2c.o
 .comment       0x0000007e       0x7f ./emlib/em_rtc.o
 .comment       0x0000007e       0x7f ./emlib/em_usart.o
 .comment       0x0000007e       0x7f ./emlib/i2cspm.o
 .comment       0x0000007e       0x7f ./emlib/rtcdriver.o
 .comment       0x0000007e       0x7f ./delay/delay.o
 .comment       0x0000007e       0x7f ./delay/timer.o
 .comment       0x0000007e       0x7f ./dbprint/dbprint.o
 .comment       0x0000007e       0x7f ./Comm/I2C.o
 .comment       0x0000007e       0x7f ./CMSIS/EFM32HG/system_efm32hg.o
 .comment       0x0000007e       0x7f ./BSP/bsp_stk_leds.o
 .comment       0x0000007e       0x7f ./ICM_20948/ICM20948.o
 .comment       0x0000007e       0x7f ./adc/adc.o

.debug_info     0x00000000    0x18209
 .debug_info    0x00000000     0x1579 ./src/main.o
 .debug_info    0x00001579      0xf6f ./interrupt/interrupt.o
 .debug_info    0x000024e8     0x134f ./emlib/em_adc.o
 .debug_info    0x00003837     0x1c20 ./emlib/em_cmu.o
 .debug_info    0x00005457     0x1415 ./emlib/em_core.o
 .debug_info    0x0000686c     0x135b ./emlib/em_emu.o
 .debug_info    0x00007bc7      0xf85 ./emlib/em_gpio.o
 .debug_info    0x00008b4c     0x11ac ./emlib/em_i2c.o
 .debug_info    0x00009cf8      0xc30 ./emlib/em_rtc.o
 .debug_info    0x0000a928     0x1776 ./emlib/em_usart.o
 .debug_info    0x0000c09e     0x1166 ./emlib/i2cspm.o
 .debug_info    0x0000d204     0x1794 ./emlib/rtcdriver.o
 .debug_info    0x0000e998     0x1155 ./delay/delay.o
 .debug_info    0x0000faed      0x9e2 ./delay/timer.o
 .debug_info    0x000104cf     0x1c1b ./dbprint/dbprint.o
 .debug_info    0x000120ea      0xe33 ./Comm/I2C.o
 .debug_info    0x00012f1d       0x26 ./CMSIS/EFM32HG/startup_efm32hg.o
 .debug_info    0x00012f43      0xe45 ./CMSIS/EFM32HG/system_efm32hg.o
 .debug_info    0x00013d88     0x105a ./BSP/bsp_stk_leds.o
 .debug_info    0x00014de2     0x20e3 ./ICM_20948/ICM20948.o
 .debug_info    0x00016ec5     0x1344 ./adc/adc.o

.debug_abbrev   0x00000000     0x36c3
 .debug_abbrev  0x00000000      0x2d5 ./src/main.o
 .debug_abbrev  0x000002d5      0x23a ./interrupt/interrupt.o
 .debug_abbrev  0x0000050f      0x277 ./emlib/em_adc.o
 .debug_abbrev  0x00000786      0x36b ./emlib/em_cmu.o
 .debug_abbrev  0x00000af1      0x30a ./emlib/em_core.o
 .debug_abbrev  0x00000dfb      0x2df ./emlib/em_emu.o
 .debug_abbrev  0x000010da      0x29f ./emlib/em_gpio.o
 .debug_abbrev  0x00001379      0x2ed ./emlib/em_i2c.o
 .debug_abbrev  0x00001666      0x287 ./emlib/em_rtc.o
 .debug_abbrev  0x000018ed      0x2ae ./emlib/em_usart.o
 .debug_abbrev  0x00001b9b      0x294 ./emlib/i2cspm.o
 .debug_abbrev  0x00001e2f      0x384 ./emlib/rtcdriver.o
 .debug_abbrev  0x000021b3      0x346 ./delay/delay.o
 .debug_abbrev  0x000024f9      0x190 ./delay/timer.o
 .debug_abbrev  0x00002689      0x383 ./dbprint/dbprint.o
 .debug_abbrev  0x00002a0c      0x239 ./Comm/I2C.o
 .debug_abbrev  0x00002c45       0x14 ./CMSIS/EFM32HG/startup_efm32hg.o
 .debug_abbrev  0x00002c59      0x262 ./CMSIS/EFM32HG/system_efm32hg.o
 .debug_abbrev  0x00002ebb      0x260 ./BSP/bsp_stk_leds.o
 .debug_abbrev  0x0000311b      0x2f8 ./ICM_20948/ICM20948.o
 .debug_abbrev  0x00003413      0x2b0 ./adc/adc.o

.debug_loc      0x00000000     0x470c
 .debug_loc     0x00000000      0x1c8 ./src/main.o
 .debug_loc     0x000001c8       0xa8 ./interrupt/interrupt.o
 .debug_loc     0x00000270      0x188 ./emlib/em_adc.o
 .debug_loc     0x000003f8      0x928 ./emlib/em_cmu.o
 .debug_loc     0x00000d20      0x574 ./emlib/em_core.o
 .debug_loc     0x00001294      0x398 ./emlib/em_emu.o
 .debug_loc     0x0000162c      0x2a0 ./emlib/em_gpio.o
 .debug_loc     0x000018cc      0x268 ./emlib/em_i2c.o
 .debug_loc     0x00001b34      0x1a8 ./emlib/em_rtc.o
 .debug_loc     0x00001cdc      0x50a ./emlib/em_usart.o
 .debug_loc     0x000021e6       0xe0 ./emlib/i2cspm.o
 .debug_loc     0x000022c6      0x6d6 ./emlib/rtcdriver.o
 .debug_loc     0x0000299c      0x2e0 ./delay/delay.o
 .debug_loc     0x00002c7c       0x58 ./delay/timer.o
 .debug_loc     0x00002cd4      0x808 ./dbprint/dbprint.o
 .debug_loc     0x000034dc      0x100 ./Comm/I2C.o
 .debug_loc     0x000035dc      0x1e8 ./CMSIS/EFM32HG/system_efm32hg.o
 .debug_loc     0x000037c4      0x2a0 ./BSP/bsp_stk_leds.o
 .debug_loc     0x00003a64      0xa64 ./ICM_20948/ICM20948.o
 .debug_loc     0x000044c8      0x244 ./adc/adc.o

.debug_aranges  0x00000000      0xc90
 .debug_aranges
                0x00000000       0x60 ./src/main.o
 .debug_aranges
                0x00000060       0x30 ./interrupt/interrupt.o
 .debug_aranges
                0x00000090       0x50 ./emlib/em_adc.o
 .debug_aranges
                0x000000e0      0x178 ./emlib/em_cmu.o
 .debug_aranges
                0x00000258       0xe8 ./emlib/em_core.o
 .debug_aranges
                0x00000340       0xb0 ./emlib/em_emu.o
 .debug_aranges
                0x000003f0       0x78 ./emlib/em_gpio.o
 .debug_aranges
                0x00000468       0x70 ./emlib/em_i2c.o
 .debug_aranges
                0x000004d8       0x58 ./emlib/em_rtc.o
 .debug_aranges
                0x00000530       0xd0 ./emlib/em_usart.o
 .debug_aranges
                0x00000600       0x38 ./emlib/i2cspm.o
 .debug_aranges
                0x00000638      0x118 ./emlib/rtcdriver.o
 .debug_aranges
                0x00000750       0x88 ./delay/delay.o
 .debug_aranges
                0x000007d8       0x28 ./delay/timer.o
 .debug_aranges
                0x00000800      0x148 ./dbprint/dbprint.o
 .debug_aranges
                0x00000948       0x40 ./Comm/I2C.o
 .debug_aranges
                0x00000988       0x20 ./CMSIS/EFM32HG/startup_efm32hg.o
 .debug_aranges
                0x000009a8       0x68 ./CMSIS/EFM32HG/system_efm32hg.o
 .debug_aranges
                0x00000a10       0x78 ./BSP/bsp_stk_leds.o
 .debug_aranges
                0x00000a88      0x198 ./ICM_20948/ICM20948.o
 .debug_aranges
                0x00000c20       0x70 ./adc/adc.o

.debug_ranges   0x00000000      0xb48
 .debug_ranges  0x00000000       0x50 ./src/main.o
 .debug_ranges  0x00000050       0x20 ./interrupt/interrupt.o
 .debug_ranges  0x00000070       0x40 ./emlib/em_adc.o
 .debug_ranges  0x000000b0      0x168 ./emlib/em_cmu.o
 .debug_ranges  0x00000218       0xd8 ./emlib/em_core.o
 .debug_ranges  0x000002f0       0xa0 ./emlib/em_emu.o
 .debug_ranges  0x00000390       0x68 ./emlib/em_gpio.o
 .debug_ranges  0x000003f8       0x78 ./emlib/em_i2c.o
 .debug_ranges  0x00000470       0x48 ./emlib/em_rtc.o
 .debug_ranges  0x000004b8       0xc0 ./emlib/em_usart.o
 .debug_ranges  0x00000578       0x28 ./emlib/i2cspm.o
 .debug_ranges  0x000005a0      0x108 ./emlib/rtcdriver.o
 .debug_ranges  0x000006a8       0x78 ./delay/delay.o
 .debug_ranges  0x00000720       0x18 ./delay/timer.o
 .debug_ranges  0x00000738      0x138 ./dbprint/dbprint.o
 .debug_ranges  0x00000870       0x30 ./Comm/I2C.o
 .debug_ranges  0x000008a0       0x58 ./CMSIS/EFM32HG/system_efm32hg.o
 .debug_ranges  0x000008f8       0x68 ./BSP/bsp_stk_leds.o
 .debug_ranges  0x00000960      0x188 ./ICM_20948/ICM20948.o
 .debug_ranges  0x00000ae8       0x60 ./adc/adc.o

.debug_macro    0x00000000    0x19853
 .debug_macro   0x00000000      0x49c ./src/main.o
 .debug_macro   0x0000049c      0xa36 ./src/main.o
 .debug_macro   0x00000ed2       0x22 ./src/main.o
 .debug_macro   0x00000ef4       0x4f ./src/main.o
 .debug_macro   0x00000f43       0x51 ./src/main.o
 .debug_macro   0x00000f94       0xef ./src/main.o
 .debug_macro   0x00001083       0x6a ./src/main.o
 .debug_macro   0x000010ed      0x1df ./src/main.o
 .debug_macro   0x000012cc       0x22 ./src/main.o
 .debug_macro   0x000012ee      0x318 ./src/main.o
 .debug_macro   0x00001606       0x12 ./src/main.o
 .debug_macro   0x00001618       0x1c ./src/main.o
 .debug_macro   0x00001634       0x22 ./src/main.o
 .debug_macro   0x00001656       0xb5 ./src/main.o
 .debug_macro   0x0000170b       0x12 ./src/main.o
 .debug_macro   0x0000171d       0x58 ./src/main.o
 .debug_macro   0x00001775       0x17 ./src/main.o
 .debug_macro   0x0000178c       0x35 ./src/main.o
 .debug_macro   0x000017c1       0x9c ./src/main.o
 .debug_macro   0x0000185d      0x16d ./src/main.o
 .debug_macro   0x000019ca       0x58 ./src/main.o
 .debug_macro   0x00001a22       0x1f ./src/main.o
 .debug_macro   0x00001a41       0x43 ./src/main.o
 .debug_macro   0x00001a84       0x20 ./src/main.o
 .debug_macro   0x00001aa4      0x18e ./src/main.o
 .debug_macro   0x00001c32      0x34d ./src/main.o
 .debug_macro   0x00001f7f       0x10 ./src/main.o
 .debug_macro   0x00001f8f       0x35 ./src/main.o
 .debug_macro   0x00001fc4       0xde ./src/main.o
 .debug_macro   0x000020a2       0xe4 ./src/main.o
 .debug_macro   0x00002186      0x37c ./src/main.o
 .debug_macro   0x00002502      0x2b1 ./src/main.o
 .debug_macro   0x000027b3     0x14a6 ./src/main.o
 .debug_macro   0x00003c59     0x2af9 ./src/main.o
 .debug_macro   0x00006752      0x82e ./src/main.o
 .debug_macro   0x00006f80       0xfa ./src/main.o
 .debug_macro   0x0000707a      0x1b4 ./src/main.o
 .debug_macro   0x0000722e     0x1c9a ./src/main.o
 .debug_macro   0x00008ec8     0x16af ./src/main.o
 .debug_macro   0x0000a577      0x6cb ./src/main.o
 .debug_macro   0x0000ac42     0x1bdb ./src/main.o
 .debug_macro   0x0000c81d      0x7a0 ./src/main.o
 .debug_macro   0x0000cfbd      0x22a ./src/main.o
 .debug_macro   0x0000d1e7     0x1c0a ./src/main.o
 .debug_macro   0x0000edf1      0x33e ./src/main.o
 .debug_macro   0x0000f12f      0xf1d ./src/main.o
 .debug_macro   0x0001004c      0xf9b ./src/main.o
 .debug_macro   0x00010fe7      0xa5c ./src/main.o
 .debug_macro   0x00011a43     0x106b ./src/main.o
 .debug_macro   0x00012aae      0x380 ./src/main.o
 .debug_macro   0x00012e2e      0x1ca ./src/main.o
 .debug_macro   0x00012ff8      0x166 ./src/main.o
 .debug_macro   0x0001315e      0x257 ./src/main.o
 .debug_macro   0x000133b5       0x40 ./src/main.o
 .debug_macro   0x000133f5      0x18c ./src/main.o
 .debug_macro   0x00013581      0x11e ./src/main.o
 .debug_macro   0x0001369f       0xc4 ./src/main.o
 .debug_macro   0x00013763      0x253 ./src/main.o
 .debug_macro   0x000139b6       0x27 ./src/main.o
 .debug_macro   0x000139dd      0x100 ./src/main.o
 .debug_macro   0x00013add      0x100 ./src/main.o
 .debug_macro   0x00013bdd       0x10 ./src/main.o
 .debug_macro   0x00013bed       0xb9 ./src/main.o
 .debug_macro   0x00013ca6       0x69 ./src/main.o
 .debug_macro   0x00013d0f      0x322 ./src/main.o
 .debug_macro   0x00014031       0x11 ./src/main.o
 .debug_macro   0x00014042       0xf1 ./src/main.o
 .debug_macro   0x00014133       0x16 ./src/main.o
 .debug_macro   0x00014149       0xb2 ./src/main.o
 .debug_macro   0x000141fb       0x17 ./src/main.o
 .debug_macro   0x00014212       0x4c ./src/main.o
 .debug_macro   0x0001425e       0x16 ./src/main.o
 .debug_macro   0x00014274       0x2e ./src/main.o
 .debug_macro   0x000142a2       0xc0 ./src/main.o
 .debug_macro   0x00014362       0x10 ./src/main.o
 .debug_macro   0x00014372       0x10 ./src/main.o
 .debug_macro   0x00014382       0x16 ./src/main.o
 .debug_macro   0x00014398       0x1c ./src/main.o
 .debug_macro   0x000143b4       0x10 ./src/main.o
 .debug_macro   0x000143c4       0x10 ./src/main.o
 .debug_macro   0x000143d4       0xb6 ./src/main.o
 .debug_macro   0x0001448a       0x16 ./src/main.o
 .debug_macro   0x000144a0      0x129 ./src/main.o
 .debug_macro   0x000145c9       0x10 ./src/main.o
 .debug_macro   0x000145d9      0x6b0 ./src/main.o
 .debug_macro   0x00014c89       0xac ./src/main.o
 .debug_macro   0x00014d35       0x76 ./src/main.o
 .debug_macro   0x00014dab       0x3a ./src/main.o
 .debug_macro   0x00014de5      0x3b7 ./interrupt/interrupt.o
 .debug_macro   0x0001519c       0xeb ./interrupt/interrupt.o
 .debug_macro   0x00015287      0x3bf ./emlib/em_adc.o
 .debug_macro   0x00015646       0xac ./emlib/em_adc.o
 .debug_macro   0x000156f2       0xbf ./emlib/em_adc.o
 .debug_macro   0x000157b1      0x391 ./emlib/em_cmu.o
 .debug_macro   0x00015b42       0x2b ./emlib/em_cmu.o
 .debug_macro   0x00015b6d       0xee ./emlib/em_cmu.o
 .debug_macro   0x00015c5b      0x334 ./emlib/em_core.o
 .debug_macro   0x00015f8f       0x63 ./emlib/em_core.o
 .debug_macro   0x00015ff2       0xba ./emlib/em_core.o
 .debug_macro   0x000160ac      0x3c3 ./emlib/em_emu.o
 .debug_macro   0x0001646f       0x25 ./emlib/em_emu.o
 .debug_macro   0x00016494       0xaf ./emlib/em_emu.o
 .debug_macro   0x00016543       0x34 ./emlib/em_emu.o
 .debug_macro   0x00016577      0x31b ./emlib/em_gpio.o
 .debug_macro   0x00016892      0x37d ./emlib/em_i2c.o
 .debug_macro   0x00016c0f       0x3f ./emlib/em_i2c.o
 .debug_macro   0x00016c4e      0x315 ./emlib/em_rtc.o
 .debug_macro   0x00016f63       0x10 ./emlib/em_rtc.o
 .debug_macro   0x00016f73      0x35f ./emlib/em_usart.o
 .debug_macro   0x000172d2      0x349 ./emlib/i2cspm.o
 .debug_macro   0x0001761b       0x16 ./emlib/i2cspm.o
 .debug_macro   0x00017631       0x45 ./emlib/i2cspm.o
 .debug_macro   0x00017676      0x41d ./emlib/rtcdriver.o
 .debug_macro   0x00017a93      0x37a ./delay/delay.o
 .debug_macro   0x00017e0d      0x389 ./delay/timer.o
 .debug_macro   0x00018196       0x16 ./delay/timer.o
 .debug_macro   0x000181ac       0x97 ./delay/timer.o
 .debug_macro   0x00018243       0xf6 ./delay/timer.o
 .debug_macro   0x00018339       0x16 ./delay/timer.o
 .debug_macro   0x0001834f      0x383 ./dbprint/dbprint.o
 .debug_macro   0x000186d2      0x33b ./Comm/I2C.o
 .debug_macro   0x00018a0d      0x302 ./CMSIS/EFM32HG/system_efm32hg.o
 .debug_macro   0x00018d0f      0x371 ./BSP/bsp_stk_leds.o
 .debug_macro   0x00019080      0x471 ./ICM_20948/ICM20948.o
 .debug_macro   0x000194f1      0x362 ./adc/adc.o

.debug_line     0x00000000     0xdf05
 .debug_line    0x00000000      0xee7 ./src/main.o
 .debug_line    0x00000ee7      0xa3b ./interrupt/interrupt.o
 .debug_line    0x00001922      0x906 ./emlib/em_adc.o
 .debug_line    0x00002228      0xfa9 ./emlib/em_cmu.o
 .debug_line    0x000031d1      0xac9 ./emlib/em_core.o
 .debug_line    0x00003c9a      0xabe ./emlib/em_emu.o
 .debug_line    0x00004758      0x991 ./emlib/em_gpio.o
 .debug_line    0x000050e9      0xa9b ./emlib/em_i2c.o
 .debug_line    0x00005b84      0x888 ./emlib/em_rtc.o
 .debug_line    0x0000640c      0xb26 ./emlib/em_usart.o
 .debug_line    0x00006f32      0x940 ./emlib/i2cspm.o
 .debug_line    0x00007872      0xd67 ./emlib/rtcdriver.o
 .debug_line    0x000085d9      0x9b5 ./delay/delay.o
 .debug_line    0x00008f8e      0x91e ./delay/timer.o
 .debug_line    0x000098ac      0xd9f ./dbprint/dbprint.o
 .debug_line    0x0000a64b      0x8ee ./Comm/I2C.o
 .debug_line    0x0000af39       0xd4 ./CMSIS/EFM32HG/startup_efm32hg.o
 .debug_line    0x0000b00d      0x828 ./CMSIS/EFM32HG/system_efm32hg.o
 .debug_line    0x0000b835      0xa62 ./BSP/bsp_stk_leds.o
 .debug_line    0x0000c297     0x1310 ./ICM_20948/ICM20948.o
 .debug_line    0x0000d5a7      0x95e ./adc/adc.o

.debug_str      0x00000000    0x81d60
 .debug_str     0x00000000    0x7cf08 ./src/main.o
                              0x7d259 (size before relaxing)
 .debug_str     0x0007cf08      0x1b7 ./interrupt/interrupt.o
                              0x7b800 (size before relaxing)
 .debug_str     0x0007d0bf      0xa09 ./emlib/em_adc.o
                              0x790a0 (size before relaxing)
 .debug_str     0x0007dac8      0xb5e ./emlib/em_cmu.o
                              0x78de9 (size before relaxing)
 .debug_str     0x0007e626      0x3e1 ./emlib/em_core.o
                              0x77849 (size before relaxing)
 .debug_str     0x0007ea07      0x4a8 ./emlib/em_emu.o
                              0x79057 (size before relaxing)
 .debug_str     0x0007eeaf      0x23d ./emlib/em_gpio.o
                              0x775a4 (size before relaxing)
 .debug_str     0x0007f0ec      0x540 ./emlib/em_i2c.o
                              0x788be (size before relaxing)
 .debug_str     0x0007f62c      0x137 ./emlib/em_rtc.o
                              0x76bbd (size before relaxing)
 .debug_str     0x0007f763      0x87c ./emlib/em_usart.o
                              0x78ded (size before relaxing)
 .debug_str     0x0007ffdf      0x1bd ./emlib/i2cspm.o
                              0x786df (size before relaxing)
 .debug_str     0x0008019c      0x9f1 ./emlib/rtcdriver.o
                              0x797f1 (size before relaxing)
 .debug_str     0x00080b8d      0x12c ./delay/delay.o
                              0x78a0d (size before relaxing)
 .debug_str     0x00080cb9       0x1f ./delay/timer.o
                              0x775cd (size before relaxing)
 .debug_str     0x00080cd8      0x3ef ./dbprint/dbprint.o
                              0x79033 (size before relaxing)
 .debug_str     0x000810c7       0xa1 ./Comm/I2C.o
                              0x7756e (size before relaxing)
 .debug_str     0x00081168       0x96 ./CMSIS/EFM32HG/startup_efm32hg.o
                                 0xfc (size before relaxing)
 .debug_str     0x000811fe      0x1fe ./CMSIS/EFM32HG/system_efm32hg.o
                              0x76cf0 (size before relaxing)
 .debug_str     0x000813fc      0x154 ./BSP/bsp_stk_leds.o
                              0x78e01 (size before relaxing)
 .debug_str     0x00081550      0x73b ./ICM_20948/ICM20948.o
                              0x7d557 (size before relaxing)
 .debug_str     0x00081c8b       0xd5 ./adc/adc.o
                              0x791fc (size before relaxing)

.debug_frame    0x00000000     0x317c
 .debug_frame   0x00000000      0x120 ./src/main.o
 .debug_frame   0x00000120       0x70 ./interrupt/interrupt.o
 .debug_frame   0x00000190       0xf0 ./emlib/em_adc.o
 .debug_frame   0x00000280      0x56c ./emlib/em_cmu.o
 .debug_frame   0x000007ec      0x33c ./emlib/em_core.o
 .debug_frame   0x00000b28      0x248 ./emlib/em_emu.o
 .debug_frame   0x00000d70      0x190 ./emlib/em_gpio.o
 .debug_frame   0x00000f00      0x170 ./emlib/em_i2c.o
 .debug_frame   0x00001070      0x108 ./emlib/em_rtc.o
 .debug_frame   0x00001178      0x2f4 ./emlib/em_usart.o
 .debug_frame   0x0000146c       0x90 ./emlib/i2cspm.o
 .debug_frame   0x000014fc      0x428 ./emlib/rtcdriver.o
 .debug_frame   0x00001924      0x1c0 ./delay/delay.o
 .debug_frame   0x00001ae4       0x50 ./delay/timer.o
 .debug_frame   0x00001b34      0x4bc ./dbprint/dbprint.o
 .debug_frame   0x00001ff0       0xb4 ./Comm/I2C.o
 .debug_frame   0x000020a4      0x138 ./CMSIS/EFM32HG/system_efm32hg.o
 .debug_frame   0x000021dc       0x28 e:/program files/simplicitystudio/developer/toolchains/gnu_arm/7.2_2017q4/bin/../lib/gcc/arm-none-eabi/7.2.1/../../../../arm-none-eabi/lib/thumb/v6-m\libm.a(lib_a-w_atan2.o)
 .debug_frame   0x00002204       0x38 e:/program files/simplicitystudio/developer/toolchains/gnu_arm/7.2_2017q4/bin/../lib/gcc/arm-none-eabi/7.2.1/../../../../arm-none-eabi/lib/thumb/v6-m\libm.a(lib_a-e_atan2.o)
 .debug_frame   0x0000223c       0x3c e:/program files/simplicitystudio/developer/toolchains/gnu_arm/7.2_2017q4/bin/../lib/gcc/arm-none-eabi/7.2.1/../../../../arm-none-eabi/lib/thumb/v6-m\libm.a(lib_a-s_atan.o)
 .debug_frame   0x00002278       0x20 e:/program files/simplicitystudio/developer/toolchains/gnu_arm/7.2_2017q4/bin/../lib/gcc/arm-none-eabi/7.2.1/../../../../arm-none-eabi/lib/thumb/v6-m\libm.a(lib_a-s_fabs.o)
 .debug_frame   0x00002298      0x190 ./BSP/bsp_stk_leds.o
 .debug_frame   0x00002428      0x62c ./ICM_20948/ICM20948.o
 .debug_frame   0x00002a54      0x168 ./adc/adc.o
 .debug_frame   0x00002bbc       0x20 e:/program files/simplicitystudio/developer/toolchains/gnu_arm/7.2_2017q4/bin/../lib/gcc/arm-none-eabi/7.2.1/thumb/v6-m\libgcc.a(_udivsi3.o)
 .debug_frame   0x00002bdc       0x20 e:/program files/simplicitystudio/developer/toolchains/gnu_arm/7.2_2017q4/bin/../lib/gcc/arm-none-eabi/7.2.1/thumb/v6-m\libgcc.a(_divsi3.o)
 .debug_frame   0x00002bfc       0x34 e:/program files/simplicitystudio/developer/toolchains/gnu_arm/7.2_2017q4/bin/../lib/gcc/arm-none-eabi/7.2.1/thumb/v6-m\libgcc.a(_muldi3.o)
 .debug_frame   0x00002c30       0x28 e:/program files/simplicitystudio/developer/toolchains/gnu_arm/7.2_2017q4/bin/../lib/gcc/arm-none-eabi/7.2.1/thumb/v6-m\libgcc.a(_fixunssfsi.o)
 .debug_frame   0x00002c58       0x2c e:/program files/simplicitystudio/developer/toolchains/gnu_arm/7.2_2017q4/bin/../lib/gcc/arm-none-eabi/7.2.1/thumb/v6-m\libgcc.a(_fixunsdfsi.o)
 .debug_frame   0x00002c84       0x3c e:/program files/simplicitystudio/developer/toolchains/gnu_arm/7.2_2017q4/bin/../lib/gcc/arm-none-eabi/7.2.1/thumb/v6-m\libgcc.a(_udivmoddi4.o)
 .debug_frame   0x00002cc0       0x38 e:/program files/simplicitystudio/developer/toolchains/gnu_arm/7.2_2017q4/bin/../lib/gcc/arm-none-eabi/7.2.1/thumb/v6-m\libgcc.a(addsf3.o)
 .debug_frame   0x00002cf8       0x3c e:/program files/simplicitystudio/developer/toolchains/gnu_arm/7.2_2017q4/bin/../lib/gcc/arm-none-eabi/7.2.1/thumb/v6-m\libgcc.a(divsf3.o)
 .debug_frame   0x00002d34       0x2c e:/program files/simplicitystudio/developer/toolchains/gnu_arm/7.2_2017q4/bin/../lib/gcc/arm-none-eabi/7.2.1/thumb/v6-m\libgcc.a(eqsf2.o)
 .debug_frame   0x00002d60       0x2c e:/program files/simplicitystudio/developer/toolchains/gnu_arm/7.2_2017q4/bin/../lib/gcc/arm-none-eabi/7.2.1/thumb/v6-m\libgcc.a(gesf2.o)
 .debug_frame   0x00002d8c       0x2c e:/program files/simplicitystudio/developer/toolchains/gnu_arm/7.2_2017q4/bin/../lib/gcc/arm-none-eabi/7.2.1/thumb/v6-m\libgcc.a(lesf2.o)
 .debug_frame   0x00002db8       0x3c e:/program files/simplicitystudio/developer/toolchains/gnu_arm/7.2_2017q4/bin/../lib/gcc/arm-none-eabi/7.2.1/thumb/v6-m\libgcc.a(mulsf3.o)
 .debug_frame   0x00002df4       0x38 e:/program files/simplicitystudio/developer/toolchains/gnu_arm/7.2_2017q4/bin/../lib/gcc/arm-none-eabi/7.2.1/thumb/v6-m\libgcc.a(subsf3.o)
 .debug_frame   0x00002e2c       0x20 e:/program files/simplicitystudio/developer/toolchains/gnu_arm/7.2_2017q4/bin/../lib/gcc/arm-none-eabi/7.2.1/thumb/v6-m\libgcc.a(fixsfsi.o)
 .debug_frame   0x00002e4c       0x2c e:/program files/simplicitystudio/developer/toolchains/gnu_arm/7.2_2017q4/bin/../lib/gcc/arm-none-eabi/7.2.1/thumb/v6-m\libgcc.a(floatsisf.o)
 .debug_frame   0x00002e78       0x38 e:/program files/simplicitystudio/developer/toolchains/gnu_arm/7.2_2017q4/bin/../lib/gcc/arm-none-eabi/7.2.1/thumb/v6-m\libgcc.a(adddf3.o)
 .debug_frame   0x00002eb0       0x3c e:/program files/simplicitystudio/developer/toolchains/gnu_arm/7.2_2017q4/bin/../lib/gcc/arm-none-eabi/7.2.1/thumb/v6-m\libgcc.a(divdf3.o)
 .debug_frame   0x00002eec       0x38 e:/program files/simplicitystudio/developer/toolchains/gnu_arm/7.2_2017q4/bin/../lib/gcc/arm-none-eabi/7.2.1/thumb/v6-m\libgcc.a(eqdf2.o)
 .debug_frame   0x00002f24       0x38 e:/program files/simplicitystudio/developer/toolchains/gnu_arm/7.2_2017q4/bin/../lib/gcc/arm-none-eabi/7.2.1/thumb/v6-m\libgcc.a(gedf2.o)
 .debug_frame   0x00002f5c       0x38 e:/program files/simplicitystudio/developer/toolchains/gnu_arm/7.2_2017q4/bin/../lib/gcc/arm-none-eabi/7.2.1/thumb/v6-m\libgcc.a(ledf2.o)
 .debug_frame   0x00002f94       0x3c e:/program files/simplicitystudio/developer/toolchains/gnu_arm/7.2_2017q4/bin/../lib/gcc/arm-none-eabi/7.2.1/thumb/v6-m\libgcc.a(muldf3.o)
 .debug_frame   0x00002fd0       0x3c e:/program files/simplicitystudio/developer/toolchains/gnu_arm/7.2_2017q4/bin/../lib/gcc/arm-none-eabi/7.2.1/thumb/v6-m\libgcc.a(subdf3.o)
 .debug_frame   0x0000300c       0x2c e:/program files/simplicitystudio/developer/toolchains/gnu_arm/7.2_2017q4/bin/../lib/gcc/arm-none-eabi/7.2.1/thumb/v6-m\libgcc.a(fixdfsi.o)
 .debug_frame   0x00003038       0x2c e:/program files/simplicitystudio/developer/toolchains/gnu_arm/7.2_2017q4/bin/../lib/gcc/arm-none-eabi/7.2.1/thumb/v6-m\libgcc.a(floatsidf.o)
 .debug_frame   0x00003064       0x28 e:/program files/simplicitystudio/developer/toolchains/gnu_arm/7.2_2017q4/bin/../lib/gcc/arm-none-eabi/7.2.1/thumb/v6-m\libgcc.a(floatunsidf.o)
 .debug_frame   0x0000308c       0x2c e:/program files/simplicitystudio/developer/toolchains/gnu_arm/7.2_2017q4/bin/../lib/gcc/arm-none-eabi/7.2.1/thumb/v6-m\libgcc.a(extendsfdf2.o)
 .debug_frame   0x000030b8       0x30 e:/program files/simplicitystudio/developer/toolchains/gnu_arm/7.2_2017q4/bin/../lib/gcc/arm-none-eabi/7.2.1/thumb/v6-m\libgcc.a(truncdfsf2.o)
 .debug_frame   0x000030e8       0x28 e:/program files/simplicitystudio/developer/toolchains/gnu_arm/7.2_2017q4/bin/../lib/gcc/arm-none-eabi/7.2.1/../../../../arm-none-eabi/lib/thumb/v6-m\libc_nano.a(lib_a-exit.o)
 .debug_frame   0x00003110       0x2c e:/program files/simplicitystudio/developer/toolchains/gnu_arm/7.2_2017q4/bin/../lib/gcc/arm-none-eabi/7.2.1/../../../../arm-none-eabi/lib/thumb/v6-m\libc_nano.a(lib_a-init.o)
 .debug_frame   0x0000313c       0x20 e:/program files/simplicitystudio/developer/toolchains/gnu_arm/7.2_2017q4/bin/../lib/gcc/arm-none-eabi/7.2.1/../../../../arm-none-eabi/lib/thumb/v6-m\libc_nano.a(lib_a-memset.o)
 .debug_frame   0x0000315c       0x20 e:/program files/simplicitystudio/developer/toolchains/gnu_arm/7.2_2017q4/bin/../lib/gcc/arm-none-eabi/7.2.1/../../../../arm-none-eabi/lib/thumb/v6-m\libnosys.a(_exit.o)
