Archive member included to satisfy reference by file (symbol)

c:/siliconlabs/simplicitystudio/v4/developer/toolchains/gnu_arm/7.2_2017q4/bin/../lib/gcc/arm-none-eabi/7.2.1/thumb/v6-m\libgcc.a(_udivsi3.o)
                              ./CMSIS/EFM32HG/system_efm32hg.o (__aeabi_uidiv)
c:/siliconlabs/simplicitystudio/v4/developer/toolchains/gnu_arm/7.2_2017q4/bin/../lib/gcc/arm-none-eabi/7.2.1/thumb/v6-m\libgcc.a(_dvmd_tls.o)
                              c:/siliconlabs/simplicitystudio/v4/developer/toolchains/gnu_arm/7.2_2017q4/bin/../lib/gcc/arm-none-eabi/7.2.1/thumb/v6-m\libgcc.a(_udivsi3.o) (__aeabi_idiv0)
c:/siliconlabs/simplicitystudio/v4/developer/toolchains/gnu_arm/7.2_2017q4/bin/../lib/gcc/arm-none-eabi/7.2.1/thumb/v6-m\libgcc.a(_clzsi2.o)
                              ./emlib/em_cmu.o (__clzsi2)
c:/siliconlabs/simplicitystudio/v4/developer/toolchains/gnu_arm/7.2_2017q4/bin/../lib/gcc/arm-none-eabi/7.2.1/thumb/v6-m\libgcc.a(_aeabi_uldivmod.o)
                              ./delay/rtcdriver.o (__aeabi_uldivmod)
c:/siliconlabs/simplicitystudio/v4/developer/toolchains/gnu_arm/7.2_2017q4/bin/../lib/gcc/arm-none-eabi/7.2.1/thumb/v6-m\libgcc.a(_muldi3.o)
                              ./delay/rtcdriver.o (__aeabi_lmul)
c:/siliconlabs/simplicitystudio/v4/developer/toolchains/gnu_arm/7.2_2017q4/bin/../lib/gcc/arm-none-eabi/7.2.1/thumb/v6-m\libgcc.a(_udivmoddi4.o)
                              c:/siliconlabs/simplicitystudio/v4/developer/toolchains/gnu_arm/7.2_2017q4/bin/../lib/gcc/arm-none-eabi/7.2.1/thumb/v6-m\libgcc.a(_aeabi_uldivmod.o) (__udivmoddi4)
c:/siliconlabs/simplicitystudio/v4/developer/toolchains/gnu_arm/7.2_2017q4/bin/../lib/gcc/arm-none-eabi/7.2.1/thumb/v6-m\libgcc.a(_clzdi2.o)
                              c:/siliconlabs/simplicitystudio/v4/developer/toolchains/gnu_arm/7.2_2017q4/bin/../lib/gcc/arm-none-eabi/7.2.1/thumb/v6-m\libgcc.a(_udivmoddi4.o) (__clzdi2)
c:/siliconlabs/simplicitystudio/v4/developer/toolchains/gnu_arm/7.2_2017q4/bin/../lib/gcc/arm-none-eabi/7.2.1/../../../../arm-none-eabi/lib/thumb/v6-m\libc_nano.a(lib_a-clock.o)
                              ./src/simon.o (clock)
c:/siliconlabs/simplicitystudio/v4/developer/toolchains/gnu_arm/7.2_2017q4/bin/../lib/gcc/arm-none-eabi/7.2.1/../../../../arm-none-eabi/lib/thumb/v6-m\libc_nano.a(lib_a-exit.o)
                              c:/siliconlabs/simplicitystudio/v4/developer/toolchains/gnu_arm/7.2_2017q4/bin/../lib/gcc/arm-none-eabi/7.2.1/../../../../arm-none-eabi/lib/thumb/v6-m/crt0.o (exit)
c:/siliconlabs/simplicitystudio/v4/developer/toolchains/gnu_arm/7.2_2017q4/bin/../lib/gcc/arm-none-eabi/7.2.1/../../../../arm-none-eabi/lib/thumb/v6-m\libc_nano.a(lib_a-impure.o)
                              c:/siliconlabs/simplicitystudio/v4/developer/toolchains/gnu_arm/7.2_2017q4/bin/../lib/gcc/arm-none-eabi/7.2.1/../../../../arm-none-eabi/lib/thumb/v6-m\libc_nano.a(lib_a-exit.o) (_global_impure_ptr)
c:/siliconlabs/simplicitystudio/v4/developer/toolchains/gnu_arm/7.2_2017q4/bin/../lib/gcc/arm-none-eabi/7.2.1/../../../../arm-none-eabi/lib/thumb/v6-m\libc_nano.a(lib_a-init.o)
                              c:/siliconlabs/simplicitystudio/v4/developer/toolchains/gnu_arm/7.2_2017q4/bin/../lib/gcc/arm-none-eabi/7.2.1/../../../../arm-none-eabi/lib/thumb/v6-m/crt0.o (__libc_init_array)
c:/siliconlabs/simplicitystudio/v4/developer/toolchains/gnu_arm/7.2_2017q4/bin/../lib/gcc/arm-none-eabi/7.2.1/../../../../arm-none-eabi/lib/thumb/v6-m\libc_nano.a(lib_a-memset.o)
                              c:/siliconlabs/simplicitystudio/v4/developer/toolchains/gnu_arm/7.2_2017q4/bin/../lib/gcc/arm-none-eabi/7.2.1/../../../../arm-none-eabi/lib/thumb/v6-m/crt0.o (memset)
c:/siliconlabs/simplicitystudio/v4/developer/toolchains/gnu_arm/7.2_2017q4/bin/../lib/gcc/arm-none-eabi/7.2.1/../../../../arm-none-eabi/lib/thumb/v6-m\libc_nano.a(lib_a-rand.o)
                              ./src/simon.o (rand)
c:/siliconlabs/simplicitystudio/v4/developer/toolchains/gnu_arm/7.2_2017q4/bin/../lib/gcc/arm-none-eabi/7.2.1/../../../../arm-none-eabi/lib/thumb/v6-m\libc_nano.a(lib_a-timesr.o)
                              c:/siliconlabs/simplicitystudio/v4/developer/toolchains/gnu_arm/7.2_2017q4/bin/../lib/gcc/arm-none-eabi/7.2.1/../../../../arm-none-eabi/lib/thumb/v6-m\libc_nano.a(lib_a-clock.o) (_times_r)
c:/siliconlabs/simplicitystudio/v4/developer/toolchains/gnu_arm/7.2_2017q4/bin/../lib/gcc/arm-none-eabi/7.2.1/../../../../arm-none-eabi/lib/thumb/v6-m\libc_nano.a(lib_a-malloc.o)
                              c:/siliconlabs/simplicitystudio/v4/developer/toolchains/gnu_arm/7.2_2017q4/bin/../lib/gcc/arm-none-eabi/7.2.1/../../../../arm-none-eabi/lib/thumb/v6-m\libc_nano.a(lib_a-rand.o) (malloc)
c:/siliconlabs/simplicitystudio/v4/developer/toolchains/gnu_arm/7.2_2017q4/bin/../lib/gcc/arm-none-eabi/7.2.1/../../../../arm-none-eabi/lib/thumb/v6-m\libc_nano.a(lib_a-nano-freer.o)
[...]
Memory Configuration

Name             Origin             Length             Attributes
FLASH            0x00000000         0x00010000         xr
RAM              0x20000000         0x00002000         xrw
*default*        0x00000000         0xffffffff

Linker script and memory map

LOAD c:/siliconlabs/simplicitystudio/v4/developer/toolchains/gnu_arm/7.2_2017q4/bin/../lib/gcc/arm-none-eabi/7.2.1/thumb/v6-m/crti.o
LOAD c:/siliconlabs/simplicitystudio/v4/developer/toolchains/gnu_arm/7.2_2017q4/bin/../lib/gcc/arm-none-eabi/7.2.1/thumb/v6-m/crtbegin.o
LOAD c:/siliconlabs/simplicitystudio/v4/developer/toolchains/gnu_arm/7.2_2017q4/bin/../lib/gcc/arm-none-eabi/7.2.1/../../../../arm-none-eabi/lib/thumb/v6-m/crt0.o
LOAD ./BSP/bsp_stk_leds.o
LOAD ./CMSIS/EFM32HG/startup_efm32hg.o
LOAD ./CMSIS/EFM32HG/system_efm32hg.o
LOAD ./Comm/I2C.o
LOAD ./dbprint/dbprint.o
LOAD ./delay/delay.o
LOAD ./delay/rtcdriver.o
LOAD ./delay/timer.o
LOAD ./emlib/em_assert.o
LOAD ./emlib/em_cmu.o
LOAD ./emlib/em_core.o
LOAD ./emlib/em_emu.o
LOAD ./emlib/em_gpio.o
LOAD ./src/simon.o
START GROUP
LOAD c:/siliconlabs/simplicitystudio/v4/developer/toolchains/gnu_arm/7.2_2017q4/bin/../lib/gcc/arm-none-eabi/7.2.1/thumb/v6-m\libgcc.a
LOAD c:/siliconlabs/simplicitystudio/v4/developer/toolchains/gnu_arm/7.2_2017q4/bin/../lib/gcc/arm-none-eabi/7.2.1/../../../../arm-none-eabi/lib/thumb/v6-m\libc_nano.a
LOAD c:/siliconlabs/simplicitystudio/v4/developer/toolchains/gnu_arm/7.2_2017q4/bin/../lib/gcc/arm-none-eabi/7.2.1/../../../../arm-none-eabi/lib/thumb/v6-m\libnosys.a
END GROUP
START GROUP
LOAD c:/siliconlabs/simplicitystudio/v4/developer/toolchains/gnu_arm/7.2_2017q4/bin/../lib/gcc/arm-none-eabi/7.2.1/thumb/v6-m\libgcc.a
LOAD c:/siliconlabs/simplicitystudio/v4/developer/toolchains/gnu_arm/7.2_2017q4/bin/../lib/gcc/arm-none-eabi/7.2.1/../../../../arm-none-eabi/lib/thumb/v6-m\libg_nano.a
LOAD c:/siliconlabs/simplicitystudio/v4/developer/toolchains/gnu_arm/7.2_2017q4/bin/../lib/gcc/arm-none-eabi/7.2.1/../../../../arm-none-eabi/lib/thumb/v6-m\libc_nano.a
END GROUP
START GROUP
LOAD c:/siliconlabs/simplicitystudio/v4/developer/toolchains/gnu_arm/7.2_2017q4/bin/../lib/gcc/arm-none-eabi/7.2.1/thumb/v6-m\libgcc.a
LOAD c:/siliconlabs/simplicitystudio/v4/developer/toolchains/gnu_arm/7.2_2017q4/bin/../lib/gcc/arm-none-eabi/7.2.1/../../../../arm-none-eabi/lib/thumb/v6-m\libc_nano.a
END GROUP
LOAD c:/siliconlabs/simplicitystudio/v4/developer/toolchains/gnu_arm/7.2_2017q4/bin/../lib/gcc/arm-none-eabi/7.2.1/thumb/v6-m/crtend.o
LOAD c:/siliconlabs/simplicitystudio/v4/developer/toolchains/gnu_arm/7.2_2017q4/bin/../lib/gcc/arm-none-eabi/7.2.1/thumb/v6-m/crtn.o

.text           0x00000000     0x22d4
 *(.vectors)
 .vectors       0x00000000       0x94 ./CMSIS/EFM32HG/startup_efm32hg.o
                0x00000000                __Vectors
                0x00000094                __Vectors_End = .
                0x00000094                __Vectors_Size = (__Vectors_End - __Vectors)
                0x00000094                __end__ = .
 *(.text*)
 .text          0x00000094       0x48 c:/siliconlabs/simplicitystudio/v4/developer/toolchains/gnu_arm/7.2_2017q4/bin/../lib/gcc/arm-none-eabi/7.2.1/thumb/v6-m/crtbegin.o
 .text          0x000000dc       0x78 c:/siliconlabs/simplicitystudio/v4/developer/toolchains/gnu_arm/7.2_2017q4/bin/../lib/gcc/arm-none-eabi/7.2.1/../../../../arm-none-eabi/lib/thumb/v6-m/crt0.o
                0x000000dc                _start
                0x000000dc                _mainCRTStartup
 .text          0x00000154       0x30 ./CMSIS/EFM32HG/startup_efm32hg.o
                0x00000154                Reset_Handler
                0x00000180                I2C0_IRQHandler
                0x00000180                HardFault_Handler
                0x00000180                PendSV_Handler
                0x00000180                NMI_Handler
                0x00000180                MSC_IRQHandler
                0x00000180                ADC0_IRQHandler
                0x00000180                LEUART0_IRQHandler
                0x00000180                GPIO_EVEN_IRQHandler
                0x00000180                TIMER0_IRQHandler
                0x00000180                TIMER2_IRQHandler
                0x00000180                TIMER1_IRQHandler
                0x00000180                Default_Handler
                0x00000180                PCNT0_IRQHandler
                0x00000180                sl_app_properties
                0x00000180                USB_IRQHandler
                0x00000180                ACMP0_IRQHandler
                0x00000180                SVC_Handler
                0x00000180                CMU_IRQHandler
                0x00000180                GPIO_ODD_IRQHandler
                0x00000180                AES_IRQHandler
                0x00000180                VCMP_IRQHandler
                0x00000180                DMA_IRQHandler
 .text.SystemCoreClockGet
                0x00000184       0x38 ./CMSIS/EFM32HG/system_efm32hg.o
                0x00000184                SystemCoreClockGet
 .text.SystemHFClockGet
                0x000001bc       0xfc ./CMSIS/EFM32HG/system_efm32hg.o
                0x000001bc                SystemHFClockGet
 .text.SystemInit
                0x000002b8       0x18 ./CMSIS/EFM32HG/system_efm32hg.o
                0x000002b8                SystemInit
 .text.SystemLFRCOClockGet
                0x000002d0        0xe ./CMSIS/EFM32HG/system_efm32hg.o
                0x000002d0                SystemLFRCOClockGet
 .text.SystemULFRCOClockGet
                0x000002de        0xe ./CMSIS/EFM32HG/system_efm32hg.o
                0x000002de                SystemULFRCOClockGet
 .text.SystemLFXOClockGet
                0x000002ec       0x14 ./CMSIS/EFM32HG/system_efm32hg.o
                0x000002ec                SystemLFXOClockGet
 .text.USART_IntClear
                0x00000300       0x18 ./dbprint/dbprint.o
 .text.USART_IntGet
                0x00000318       0x14 ./dbprint/dbprint.o
 .text.dbprint  0x0000032c       0x40 ./dbprint/dbprint.o
                0x0000032c                dbprint
 .text.dbprintln
                0x0000036c       0x34 ./dbprint/dbprint.o
                0x0000036c                dbprintln
 .text.dbinfo   0x000003a0       0x24 ./dbprint/dbprint.o
                0x000003a0                dbinfo
 .text.USART0_RX_IRQHandler
                0x000003c4       0xac ./dbprint/dbprint.o
                0x000003c4                USART0_RX_IRQHandler
 .text.USART0_TX_IRQHandler
                0x00000470       0x78 ./dbprint/dbprint.o
                0x00000470                USART0_TX_IRQHandler
 .text.USART1_RX_IRQHandler
                0x000004e8        0xe ./dbprint/dbprint.o
                0x000004e8                USART1_RX_IRQHandler
 .text.USART1_TX_IRQHandler
                0x000004f6        0xe ./dbprint/dbprint.o
                0x000004f6                USART1_TX_IRQHandler
 .text.__NVIC_SetPriority
                0x00000504       0xdc ./delay/delay.o
 .text.SysTick_Config
                0x000005e0       0x48 ./delay/delay.o
 .text.delay    0x00000628       0x94 ./delay/delay.o
                0x00000628                delay
 .text.SysTick_Handler
                0x000006bc       0x18 ./delay/delay.o
                0x000006bc                SysTick_Handler
 .text.INT_Disable
                0x000006d4       0x28 ./delay/rtcdriver.o
 .text.INT_Enable
                0x000006fc       0x38 ./delay/rtcdriver.o
 .text.RTC_CounterGet
                0x00000734       0x14 ./delay/rtcdriver.o
 .text.RTC_IntClear
                0x00000748       0x1c ./delay/rtcdriver.o
 .text.RTC_IntDisable
                0x00000764       0x24 ./delay/rtcdriver.o
 .text.RTC_IntEnable
                0x00000788       0x20 ./delay/rtcdriver.o
 .text.RTC_IntGet
                0x000007a8       0x14 ./delay/rtcdriver.o
 .text.RTC_IRQHandler
                0x000007bc      0x10c ./delay/rtcdriver.o
                0x000007bc                RTC_IRQHandler
 .text.checkAllTimers
                0x000008c8      0x2c4 ./delay/rtcdriver.o
 .text.executeTimerCallbacks
                0x00000b8c       0x64 ./delay/rtcdriver.o
 .text.rescheduleRtc
                0x00000bf0      0x100 ./delay/rtcdriver.o
 .text.assertEFM
                0x00000cf0        0xc ./emlib/em_assert.o
                0x00000cf0                assertEFM
 .text.SL_Log2ToDiv
                0x00000cfc       0x30 ./emlib/em_cmu.o
 .text.SYSTEM_GetProdRev
                0x00000d2c       0x18 ./emlib/em_cmu.o
 .text.auxClkGet
                0x00000d44       0xc4 ./emlib/em_cmu.o
 .text.dbgClkGet
                0x00000e08       0x5c ./emlib/em_cmu.o
 .text.lfClkGet
                0x00000e64      0x12c ./emlib/em_cmu.o
 .text.usbCClkGet
                0x00000f90       0x6c ./emlib/em_cmu.o
 .text.CMU_ClockDivGet
                0x00000ffc      0x124 ./emlib/em_cmu.o
                0x00000ffc                CMU_ClockDivGet
 .text.CMU_ClockFreqGet
                0x00001120      0x178 ./emlib/em_cmu.o
                0x00001120                CMU_ClockFreqGet
 .text.CMU_ClockSelectGet
                0x00001298      0x1f0 ./emlib/em_cmu.o
                0x00001298                CMU_ClockSelectGet
 .text.BUS_RegBitRead
                0x00001488       0x20 ./src/simon.o
 .text.GPIO_PinOutClear
                0x000014a8       0xa8 ./src/simon.o
 .text.GPIO_PinOutGet
                0x00001550       0xb0 ./src/simon.o
 .text.GPIO_PinOutSet
                0x00001600       0xac ./src/simon.o
 .text.allOff   0x000016ac       0x34 ./src/simon.o
                0x000016ac                allOff
 .text.giveScore
                0x000016e0       0x14 ./src/simon.o
                0x000016e0                giveScore
 .text.waitForButton
                0x000016f4      0x174 ./src/simon.o
                0x000016f4                waitForButton
 .text.flashLeds
                0x00001868       0xac ./src/simon.o
                0x00001868                flashLeds
 .text.inputSequence
                0x00001914       0x94 ./src/simon.o
                0x00001914                inputSequence
 .text.waitToStart
                0x000019a8       0x88 ./src/simon.o
                0x000019a8                waitToStart
 .text.main     0x00001a30       0x64 ./src/simon.o
                0x00001a30                main
 .text          0x00001a94      0x114 c:/siliconlabs/simplicitystudio/v4/developer/toolchains/gnu_arm/7.2_2017q4/bin/../lib/gcc/arm-none-eabi/7.2.1/thumb/v6-m\libgcc.a(_udivsi3.o)
                0x00001a94                __aeabi_uidiv
                0x00001a94                __udivsi3
                0x00001ba0                __aeabi_uidivmod
 .text          0x00001ba8        0x4 c:/siliconlabs/simplicitystudio/v4/developer/toolchains/gnu_arm/7.2_2017q4/bin/../lib/gcc/arm-none-eabi/7.2.1/thumb/v6-m\libgcc.a(_dvmd_tls.o)
                0x00001ba8                __aeabi_idiv0
                0x00001ba8                __aeabi_ldiv0
 .text          0x00001bac       0x54 c:/siliconlabs/simplicitystudio/v4/developer/toolchains/gnu_arm/7.2_2017q4/bin/../lib/gcc/arm-none-eabi/7.2.1/thumb/v6-m\libgcc.a(_muldi3.o)
                0x00001bac                __muldi3
                0x00001bac                __aeabi_lmul
 .text.clock    0x00001c00       0x2c c:/siliconlabs/simplicitystudio/v4/developer/toolchains/gnu_arm/7.2_2017q4/bin/../lib/gcc/arm-none-eabi/7.2.1/../../../../arm-none-eabi/lib/thumb/v6-m\libc_nano.a(lib_a-clock.o)
                0x00001c00                clock
 .text.exit     0x00001c2c       0x2c c:/siliconlabs/simplicitystudio/v4/developer/toolchains/gnu_arm/7.2_2017q4/bin/../lib/gcc/arm-none-eabi/7.2.1/../../../../arm-none-eabi/lib/thumb/v6-m\libc_nano.a(lib_a-exit.o)
                0x00001c2c                exit
 .text.__libc_init_array
                0x00001c58       0x48 c:/siliconlabs/simplicitystudio/v4/developer/toolchains/gnu_arm/7.2_2017q4/bin/../lib/gcc/arm-none-eabi/7.2.1/../../../../arm-none-eabi/lib/thumb/v6-m\libc_nano.a(lib_a-init.o)
                0x00001c58                __libc_init_array
 .text.memset   0x00001ca0       0x10 c:/siliconlabs/simplicitystudio/v4/developer/toolchains/gnu_arm/7.2_2017q4/bin/../lib/gcc/arm-none-eabi/7.2.1/../../../../arm-none-eabi/lib/thumb/v6-m\libc_nano.a(lib_a-memset.o)
                0x00001ca0                memset
 .text.rand     0x00001cb0       0x64 c:/siliconlabs/simplicitystudio/v4/developer/toolchains/gnu_arm/7.2_2017q4/bin/../lib/gcc/arm-none-eabi/7.2.1/../../../../arm-none-eabi/lib/thumb/v6-m\libc_nano.a(lib_a-rand.o)
                0x00001cb0                rand
 .text._times_r
                0x00001d14        0xa c:/siliconlabs/simplicitystudio/v4/developer/toolchains/gnu_arm/7.2_2017q4/bin/../lib/gcc/arm-none-eabi/7.2.1/../../../../arm-none-eabi/lib/thumb/v6-m\libc_nano.a(lib_a-timesr.o)
                0x00001d14                _times_r
 *fill*         0x00001d1e        0x2 
 .text.malloc   0x00001d20       0x14 c:/siliconlabs/simplicitystudio/v4/developer/toolchains/gnu_arm/7.2_2017q4/bin/../lib/gcc/arm-none-eabi/7.2.1/../../../../arm-none-eabi/lib/thumb/v6-m\libc_nano.a(lib_a-malloc.o)
                0x00001d20                malloc
 .text._malloc_r
                0x00001d34       0xbc c:/siliconlabs/simplicitystudio/v4/developer/toolchains/gnu_arm/7.2_2017q4/bin/../lib/gcc/arm-none-eabi/7.2.1/../../../../arm-none-eabi/lib/thumb/v6-m\libc_nano.a(lib_a-nano-mallocr.o)
                0x00001d34                _malloc_r
 .text._sbrk_r  0x00001df0       0x24 c:/siliconlabs/simplicitystudio/v4/developer/toolchains/gnu_arm/7.2_2017q4/bin/../lib/gcc/arm-none-eabi/7.2.1/../../../../arm-none-eabi/lib/thumb/v6-m\libc_nano.a(lib_a-sbrkr.o)
                0x00001df0                _sbrk_r
 .text.__malloc_lock
                0x00001e14        0x2 c:/siliconlabs/simplicitystudio/v4/developer/toolchains/gnu_arm/7.2_2017q4/bin/../lib/gcc/arm-none-eabi/7.2.1/../../../../arm-none-eabi/lib/thumb/v6-m\libc_nano.a(lib_a-mlock.o)
                0x00001e14                __malloc_lock
 .text.__malloc_unlock
                0x00001e16        0x2 c:/siliconlabs/simplicitystudio/v4/developer/toolchains/gnu_arm/7.2_2017q4/bin/../lib/gcc/arm-none-eabi/7.2.1/../../../../arm-none-eabi/lib/thumb/v6-m\libc_nano.a(lib_a-mlock.o)
                0x00001e16                __malloc_unlock
 .text._sbrk    0x00001e18       0x1c c:/siliconlabs/simplicitystudio/v4/developer/toolchains/gnu_arm/7.2_2017q4/bin/../lib/gcc/arm-none-eabi/7.2.1/../../../../arm-none-eabi/lib/thumb/v6-m\libnosys.a(sbrk.o)
                0x00001e18                _sbrk
 .text._times   0x00001e34       0x10 c:/siliconlabs/simplicitystudio/v4/developer/toolchains/gnu_arm/7.2_2017q4/bin/../lib/gcc/arm-none-eabi/7.2.1/../../../../arm-none-eabi/lib/thumb/v6-m\libnosys.a(times.o)
                0x00001e34                _times
 .text._exit    0x00001e44        0x4 c:/siliconlabs/simplicitystudio/v4/developer/toolchains/gnu_arm/7.2_2017q4/bin/../lib/gcc/arm-none-eabi/7.2.1/../../../../arm-none-eabi/lib/thumb/v6-m\libnosys.a(_exit.o)
                0x00001e44                _exit
 *(.init)
 .init          0x00001e48        0x4 c:/siliconlabs/simplicitystudio/v4/developer/toolchains/gnu_arm/7.2_2017q4/bin/../lib/gcc/arm-none-eabi/7.2.1/thumb/v6-m/crti.o
                0x00001e48                _init
 .init          0x00001e4c        0x8 c:/siliconlabs/simplicitystudio/v4/developer/toolchains/gnu_arm/7.2_2017q4/bin/../lib/gcc/arm-none-eabi/7.2.1/thumb/v6-m/crtn.o
 *(.fini)
 .fini          0x00001e54        0x4 c:/siliconlabs/simplicitystudio/v4/developer/toolchains/gnu_arm/7.2_2017q4/bin/../lib/gcc/arm-none-eabi/7.2.1/thumb/v6-m/crti.o
                0x00001e54                _fini
 .fini          0x00001e58        0x8 c:/siliconlabs/simplicitystudio/v4/developer/toolchains/gnu_arm/7.2_2017q4/bin/../lib/gcc/arm-none-eabi/7.2.1/thumb/v6-m/crtn.o
 *crtbegin.o(.ctors)
 *crtbegin?.o(.ctors)
 *(EXCLUDE_FILE(*crtend.o *crtend?.o) .ctors)
 *(SORT_BY_NAME(.ctors.*))
 *(.ctors)
 *crtbegin.o(.dtors)
 *crtbegin?.o(.dtors)
 *(EXCLUDE_FILE(*crtend.o *crtend?.o) .dtors)
 *(SORT_BY_NAME(.dtors.*))
 *(.dtors)
 *(.rodata*)
 .rodata        0x00001e60      0x200 ./dbprint/dbprint.o
 .rodata        0x00002060       0x7f ./delay/delay.o
 *fill*         0x000020df        0x1 
 .rodata        0x000020e0      0x12f ./emlib/em_cmu.o
 *fill*         0x0000220f        0x1 
 .rodata.CMU_ClockDivGet
                0x00002210       0x38 ./emlib/em_cmu.o
 .rodata.CMU_ClockSelectGet
                0x00002248       0x20 ./emlib/em_cmu.o
 .rodata        0x00002268       0x64 ./src/simon.o
 .rodata._global_impure_ptr
                0x000022cc        0x4 c:/siliconlabs/simplicitystudio/v4/developer/toolchains/gnu_arm/7.2_2017q4/bin/../lib/gcc/arm-none-eabi/7.2.1/../../../../arm-none-eabi/lib/thumb/v6-m\libc_nano.a(lib_a-impure.o)
                0x000022cc                _global_impure_ptr
 *(.eh_frame*)
 .eh_frame      0x000022d0        0x0 c:/siliconlabs/simplicitystudio/v4/developer/toolchains/gnu_arm/7.2_2017q4/bin/../lib/gcc/arm-none-eabi/7.2.1/thumb/v6-m/crtbegin.o
 .eh_frame      0x000022d0        0x4 c:/siliconlabs/simplicitystudio/v4/developer/toolchains/gnu_arm/7.2_2017q4/bin/../lib/gcc/arm-none-eabi/7.2.1/thumb/v6-m/crtend.o

.glue_7         0x000022d4        0x0
 .glue_7        0x000022d4        0x0 linker stubs

.glue_7t        0x000022d4        0x0
 .glue_7t       0x000022d4        0x0 linker stubs

.vfp11_veneer   0x000022d4        0x0
 .vfp11_veneer  0x000022d4        0x0 linker stubs

.v4_bx          0x000022d4        0x0
 .v4_bx         0x000022d4        0x0 linker stubs

.iplt           0x000022d4        0x0
 .iplt          0x000022d4        0x0 c:/siliconlabs/simplicitystudio/v4/developer/toolchains/gnu_arm/7.2_2017q4/bin/../lib/gcc/arm-none-eabi/7.2.1/thumb/v6-m/crtbegin.o

.ARM.extab
 *(.ARM.extab* .gnu.linkonce.armextab.*)
                0x000022d4                __exidx_start = .

.ARM.exidx      0x000022d4        0x8
 *(.ARM.exidx* .gnu.linkonce.armexidx.*)
 .ARM.exidx     0x000022d4        0x8 c:/siliconlabs/simplicitystudio/v4/developer/toolchains/gnu_arm/7.2_2017q4/bin/../lib/gcc/arm-none-eabi/7.2.1/../../../../arm-none-eabi/lib/thumb/v6-m/crt0.o
                0x000022dc                __exidx_end = .
                0x000022dc                __etext = .

.rel.dyn        0x000022dc        0x0
 .rel.iplt      0x000022dc        0x0 c:/siliconlabs/simplicitystudio/v4/developer/toolchains/gnu_arm/7.2_2017q4/bin/../lib/gcc/arm-none-eabi/7.2.1/thumb/v6-m/crtbegin.o

.data           0x20000000       0xa0 load address 0x000022dc
                0x20000000                __data_start__ = .
 *(vtable)
 *(.data*)
 .data.SystemHFXOClock
                0x20000000        0x4 ./CMSIS/EFM32HG/system_efm32hg.o
 .data.SystemLFXOClock
                0x20000004        0x4 ./CMSIS/EFM32HG/system_efm32hg.o
 .data.SystemCoreClock
                0x20000008        0x4 ./CMSIS/EFM32HG/system_efm32hg.o
                0x20000008                SystemCoreClock
 .data.ushfrcoFreq
                0x2000000c        0x4 ./emlib/em_cmu.o
 .data.buttons  0x20000010       0x10 ./src/simon.o
                0x20000010                buttons
 .data.leds     0x20000020       0x10 ./src/simon.o
                0x20000020                leds
 .data.running  0x20000030        0x1 ./src/simon.o
                0x20000030                running
 *fill*         0x20000031        0x3 
 .data._impure_ptr
                0x20000034        0x4 c:/siliconlabs/simplicitystudio/v4/developer/toolchains/gnu_arm/7.2_2017q4/bin/../lib/gcc/arm-none-eabi/7.2.1/../../../../arm-none-eabi/lib/thumb/v6-m\libc_nano.a(lib_a-impure.o)
                0x20000034                _impure_ptr
 .data.impure_data
                0x20000038       0x60 c:/siliconlabs/simplicitystudio/v4/developer/toolchains/gnu_arm/7.2_2017q4/bin/../lib/gcc/arm-none-eabi/7.2.1/../../../../arm-none-eabi/lib/thumb/v6-m\libc_nano.a(lib_a-impure.o)
                0x20000098                . = ALIGN (0x4)
                [!provide]                PROVIDE (__ram_func_section_start, .)
 *(.ram)
                [!provide]                PROVIDE (__ram_func_section_end, .)
                0x20000098                . = ALIGN (0x4)
                0x20000098                PROVIDE (__preinit_array_start, .)
 *(.preinit_array)
                0x20000098                PROVIDE (__preinit_array_end, .)
                0x20000098                . = ALIGN (0x4)
                0x20000098                PROVIDE (__init_array_start, .)
 *(SORT_BY_NAME(.init_array.*))
 *(.init_array)
 .init_array    0x20000098        0x4 c:/siliconlabs/simplicitystudio/v4/developer/toolchains/gnu_arm/7.2_2017q4/bin/../lib/gcc/arm-none-eabi/7.2.1/thumb/v6-m/crtbegin.o
                0x2000009c                PROVIDE (__init_array_end, .)
                0x2000009c                . = ALIGN (0x4)
                [!provide]                PROVIDE (__fini_array_start, .)
 *(SORT_BY_NAME(.fini_array.*))
 *(.fini_array)
 .fini_array    0x2000009c        0x4 c:/siliconlabs/simplicitystudio/v4/developer/toolchains/gnu_arm/7.2_2017q4/bin/../lib/gcc/arm-none-eabi/7.2.1/thumb/v6-m/crtbegin.o
                [!provide]                PROVIDE (__fini_array_end, .)
 *(.jcr*)
                0x200000a0                . = ALIGN (0x4)
                0x200000a0                __data_end__ = .

.igot.plt       0x200000a0        0x0 load address 0x0000237c
 .igot.plt      0x200000a0        0x0 c:/siliconlabs/simplicitystudio/v4/developer/toolchains/gnu_arm/7.2_2017q4/bin/../lib/gcc/arm-none-eabi/7.2.1/thumb/v6-m/crtbegin.o

.bss            0x200000a0      0x2c0 load address 0x00002380
                0x200000a0                . = ALIGN (0x4)
                0x200000a0                __bss_start__ = .
 *(.bss*)
 .bss           0x200000a0       0x1c c:/siliconlabs/simplicitystudio/v4/developer/toolchains/gnu_arm/7.2_2017q4/bin/../lib/gcc/arm-none-eabi/7.2.1/thumb/v6-m/crtbegin.o
 .bss.dataReceived
                0x200000bc        0x1 ./dbprint/dbprint.o
                0x200000bc                dataReceived
 *fill*         0x200000bd        0x3 
 .bss.i.8307    0x200000c0        0x4 ./dbprint/dbprint.o
 .bss.i.8312    0x200000c4        0x4 ./dbprint/dbprint.o
 .bss.msTicks   0x200000c8        0x4 ./delay/delay.o
 .bss.SysTick_initialized
                0x200000cc        0x1 ./delay/delay.o
                0x200000cc                SysTick_initialized
 *fill*         0x200000cd        0x3 
 .bss.timer     0x200000d0       0x28 ./delay/rtcdriver.o
 .bss.lastStart
                0x200000f8        0x4 ./delay/rtcdriver.o
 .bss.inTimerIRQ
                0x200000fc        0x1 ./delay/rtcdriver.o
 .bss.rtcRunning
                0x200000fd        0x1 ./delay/rtcdriver.o
 *fill*         0x200000fe        0x2 
 .bss.wallClockTime
                0x20000100        0x4 ./delay/rtcdriver.o
 .bss.wallClockInitTime
                0x20000104        0x4 ./delay/rtcdriver.o
 .bss.latestIndex
                0x20000108        0x4 ./src/simon.o
                0x20000108                latestIndex
 .bss.score     0x2000010c        0x4 ./src/simon.o
                0x2000010c                score
 .bss.__malloc_free_list
                0x20000110        0x4 c:/siliconlabs/simplicitystudio/v4/developer/toolchains/gnu_arm/7.2_2017q4/bin/../lib/gcc/arm-none-eabi/7.2.1/../../../../arm-none-eabi/lib/thumb/v6-m\libc_nano.a(lib_a-nano-mallocr.o)
                0x20000110                __malloc_free_list
 .bss.__malloc_sbrk_start
                0x20000114        0x4 c:/siliconlabs/simplicitystudio/v4/developer/toolchains/gnu_arm/7.2_2017q4/bin/../lib/gcc/arm-none-eabi/7.2.1/../../../../arm-none-eabi/lib/thumb/v6-m\libc_nano.a(lib_a-nano-mallocr.o)
                0x20000114                __malloc_sbrk_start
 .bss.heap_end.4102
                0x20000118        0x4 c:/siliconlabs/simplicitystudio/v4/developer/toolchains/gnu_arm/7.2_2017q4/bin/../lib/gcc/arm-none-eabi/7.2.1/../../../../arm-none-eabi/lib/thumb/v6-m\libnosys.a(sbrk.o)
 *(COMMON)
 COMMON         0x2000011c       0xa4 ./dbprint/dbprint.o
                0x2000011c                dbpointer
                0x20000120                rx_buffer
                0x20000170                tx_buffer
 COMMON         0x200001c0      0x19c ./src/simon.o
                0x200001c0                sequence
                0x20000350                gameState
                0x20000354                previousTime
                0x20000358                currentTime
 COMMON         0x2000035c        0x4 c:/siliconlabs/simplicitystudio/v4/developer/toolchains/gnu_arm/7.2_2017q4/bin/../lib/gcc/arm-none-eabi/7.2.1/../../../../arm-none-eabi/lib/thumb/v6-m\libc_nano.a(lib_a-reent.o)
                0x2000035c                errno
                0x20000360                . = ALIGN (0x4)
                0x20000360                __bss_end__ = .

.heap           0x20000360      0x400
                0x20000360                __HeapBase = .
                0x20000360                __end__ = .
                0x20000360                end = __end__
                0x20000360                _end = __end__
 *(.heap*)
 .heap          0x20000360      0x400 ./CMSIS/EFM32HG/startup_efm32hg.o
                0x20000760                __HeapLimit = .

.stack_dummy    0x20000360      0x400
 *(.stack*)
 .stack         0x20000360      0x400 ./CMSIS/EFM32HG/startup_efm32hg.o
                0x20002000                __StackTop = (ORIGIN (RAM) + LENGTH (RAM))
                0x20001c00                __StackLimit = (__StackTop - SIZEOF (.stack_dummy))
                0x20002000                PROVIDE (__stack, __StackTop)
                0x00000001                ASSERT ((__StackLimit >= __HeapLimit), region RAM overflowed with stack)
                0x00000001                ASSERT ((LENGTH (FLASH) >= (__etext + SIZEOF (.data))), FLASH memory overflowed !)
OUTPUT(SLSTK3400A_blink.axf elf32-littlearm)

.ARM.attributes
                0x00000000       0x28
 .ARM.attributes
                0x00000000       0x1e c:/siliconlabs/simplicitystudio/v4/developer/toolchains/gnu_arm/7.2_2017q4/bin/../lib/gcc/arm-none-eabi/7.2.1/thumb/v6-m/crti.o
 .ARM.attributes
                0x0000001e       0x2c c:/siliconlabs/simplicitystudio/v4/developer/toolchains/gnu_arm/7.2_2017q4/bin/../lib/gcc/arm-none-eabi/7.2.1/thumb/v6-m/crtbegin.o
 .ARM.attributes
                0x0000004a       0x1b c:/siliconlabs/simplicitystudio/v4/developer/toolchains/gnu_arm/7.2_2017q4/bin/../lib/gcc/arm-none-eabi/7.2.1/../../../../arm-none-eabi/lib/thumb/v6-m/crt0.o
 .ARM.attributes
                0x00000065       0x1b ./CMSIS/EFM32HG/startup_efm32hg.o
 .ARM.attributes
                0x00000080       0x32 ./CMSIS/EFM32HG/system_efm32hg.o
 .ARM.attributes
                0x000000b2       0x32 ./dbprint/dbprint.o
 .ARM.attributes
                0x000000e4       0x32 ./delay/delay.o
 .ARM.attributes
                0x00000116       0x32 ./delay/rtcdriver.o
 .ARM.attributes
                0x00000148       0x32 ./emlib/em_assert.o
 .ARM.attributes
                0x0000017a       0x32 ./emlib/em_cmu.o
 .ARM.attributes
                0x000001ac       0x32 ./src/simon.o
 .ARM.attributes
                0x000001de       0x1e c:/siliconlabs/simplicitystudio/v4/developer/toolchains/gnu_arm/7.2_2017q4/bin/../lib/gcc/arm-none-eabi/7.2.1/thumb/v6-m\libgcc.a(_udivsi3.o)
 .ARM.attributes
                0x000001fc       0x1e c:/siliconlabs/simplicitystudio/v4/developer/toolchains/gnu_arm/7.2_2017q4/bin/../lib/gcc/arm-none-eabi/7.2.1/thumb/v6-m\libgcc.a(_dvmd_tls.o)
 .ARM.attributes
                0x0000021a       0x2c c:/siliconlabs/simplicitystudio/v4/developer/toolchains/gnu_arm/7.2_2017q4/bin/../lib/gcc/arm-none-eabi/7.2.1/thumb/v6-m\libgcc.a(_muldi3.o)
 .ARM.attributes
                0x00000246       0x2c c:/siliconlabs/simplicitystudio/v4/developer/toolchains/gnu_arm/7.2_2017q4/bin/../lib/gcc/arm-none-eabi/7.2.1/../../../../arm-none-eabi/lib/thumb/v6-m\libc_nano.a(lib_a-clock.o)
 .ARM.attributes
                0x00000272       0x2c c:/siliconlabs/simplicitystudio/v4/developer/toolchains/gnu_arm/7.2_2017q4/bin/../lib/gcc/arm-none-eabi/7.2.1/../../../../arm-none-eabi/lib/thumb/v6-m\libc_nano.a(lib_a-exit.o)
 .ARM.attributes
                0x0000029e       0x2c c:/siliconlabs/simplicitystudio/v4/developer/toolchains/gnu_arm/7.2_2017q4/bin/../lib/gcc/arm-none-eabi/7.2.1/../../../../arm-none-eabi/lib/thumb/v6-m\libc_nano.a(lib_a-impure.o)
 .ARM.attributes
                0x000002ca       0x2c c:/siliconlabs/simplicitystudio/v4/developer/toolchains/gnu_arm/7.2_2017q4/bin/../lib/gcc/arm-none-eabi/7.2.1/../../../../arm-none-eabi/lib/thumb/v6-m\libc_nano.a(lib_a-init.o)
 .ARM.attributes
                0x000002f6       0x2c c:/siliconlabs/simplicitystudio/v4/developer/toolchains/gnu_arm/7.2_2017q4/bin/../lib/gcc/arm-none-eabi/7.2.1/../../../../arm-none-eabi/lib/thumb/v6-m\libc_nano.a(lib_a-memset.o)
 .ARM.attributes
                0x00000322       0x2c c:/siliconlabs/simplicitystudio/v4/developer/toolchains/gnu_arm/7.2_2017q4/bin/../lib/gcc/arm-none-eabi/7.2.1/../../../../arm-none-eabi/lib/thumb/v6-m\libc_nano.a(lib_a-rand.o)
 .ARM.attributes
                0x0000034e       0x2c c:/siliconlabs/simplicitystudio/v4/developer/toolchains/gnu_arm/7.2_2017q4/bin/../lib/gcc/arm-none-eabi/7.2.1/../../../../arm-none-eabi/lib/thumb/v6-m\libc_nano.a(lib_a-timesr.o)
 .ARM.attributes
                0x0000037a       0x2c c:/siliconlabs/simplicitystudio/v4/developer/toolchains/gnu_arm/7.2_2017q4/bin/../lib/gcc/arm-none-eabi/7.2.1/../../../../arm-none-eabi/lib/thumb/v6-m\libc_nano.a(lib_a-malloc.o)
 .ARM.attributes
                0x000003a6       0x2c c:/siliconlabs/simplicitystudio/v4/developer/toolchains/gnu_arm/7.2_2017q4/bin/../lib/gcc/arm-none-eabi/7.2.1/../../../../arm-none-eabi/lib/thumb/v6-m\libc_nano.a(lib_a-nano-mallocr.o)
 .ARM.attributes
                0x000003d2       0x2c c:/siliconlabs/simplicitystudio/v4/developer/toolchains/gnu_arm/7.2_2017q4/bin/../lib/gcc/arm-none-eabi/7.2.1/../../../../arm-none-eabi/lib/thumb/v6-m\libc_nano.a(lib_a-sbrkr.o)
 .ARM.attributes
                0x000003fe       0x2c c:/siliconlabs/simplicitystudio/v4/developer/toolchains/gnu_arm/7.2_2017q4/bin/../lib/gcc/arm-none-eabi/7.2.1/../../../../arm-none-eabi/lib/thumb/v6-m\libc_nano.a(lib_a-mlock.o)
 .ARM.attributes
                0x0000042a       0x2c c:/siliconlabs/simplicitystudio/v4/developer/toolchains/gnu_arm/7.2_2017q4/bin/../lib/gcc/arm-none-eabi/7.2.1/../../../../arm-none-eabi/lib/thumb/v6-m\libc_nano.a(lib_a-reent.o)
 .ARM.attributes
                0x00000456       0x2c c:/siliconlabs/simplicitystudio/v4/developer/toolchains/gnu_arm/7.2_2017q4/bin/../lib/gcc/arm-none-eabi/7.2.1/../../../../arm-none-eabi/lib/thumb/v6-m\libnosys.a(sbrk.o)
 .ARM.attributes
                0x00000482       0x2c c:/siliconlabs/simplicitystudio/v4/developer/toolchains/gnu_arm/7.2_2017q4/bin/../lib/gcc/arm-none-eabi/7.2.1/../../../../arm-none-eabi/lib/thumb/v6-m\libnosys.a(times.o)
 .ARM.attributes
                0x000004ae       0x2c c:/siliconlabs/simplicitystudio/v4/developer/toolchains/gnu_arm/7.2_2017q4/bin/../lib/gcc/arm-none-eabi/7.2.1/../../../../arm-none-eabi/lib/thumb/v6-m\libnosys.a(_exit.o)
 .ARM.attributes
                0x000004da       0x2c c:/siliconlabs/simplicitystudio/v4/developer/toolchains/gnu_arm/7.2_2017q4/bin/../lib/gcc/arm-none-eabi/7.2.1/thumb/v6-m/crtend.o
 .ARM.attributes
                0x00000506       0x1e c:/siliconlabs/simplicitystudio/v4/developer/toolchains/gnu_arm/7.2_2017q4/bin/../lib/gcc/arm-none-eabi/7.2.1/thumb/v6-m/crtn.o

.comment        0x00000000       0x7e
 .comment       0x00000000       0x7e ./CMSIS/EFM32HG/system_efm32hg.o
                                 0x7f (size before relaxing)
 .comment       0x0000007e       0x7f ./dbprint/dbprint.o
 .comment       0x0000007e       0x7f ./delay/delay.o
 .comment       0x0000007e       0x7f ./delay/rtcdriver.o
 .comment       0x0000007e       0x7f ./emlib/em_assert.o
 .comment       0x0000007e       0x7f ./emlib/em_cmu.o
 .comment       0x0000007e       0x7f ./src/simon.o

.debug_line     0x00000000     0x4a42
 .debug_line    0x00000000       0xd5 ./CMSIS/EFM32HG/startup_efm32hg.o
 .debug_line    0x000000d5      0x82f ./CMSIS/EFM32HG/system_efm32hg.o
 .debug_line    0x00000904      0xdd0 ./dbprint/dbprint.o
 .debug_line    0x000016d4      0x9ac ./delay/delay.o
 .debug_line    0x00002080      0xb69 ./delay/rtcdriver.o
 .debug_line    0x00002be9      0x180 ./emlib/em_assert.o
 .debug_line    0x00002d69     0x103d ./emlib/em_cmu.o
 .debug_line    0x00003da6      0xc9c ./src/simon.o

.debug_info     0x00000000     0x80ae
 .debug_info    0x00000000       0x26 ./CMSIS/EFM32HG/startup_efm32hg.o
 .debug_info    0x00000026      0xe84 ./CMSIS/EFM32HG/system_efm32hg.o
 .debug_info    0x00000eaa     0x1c67 ./dbprint/dbprint.o
 .debug_info    0x00002b11     0x11a1 ./delay/delay.o
 .debug_info    0x00003cb2     0x1670 ./delay/rtcdriver.o
 .debug_info    0x00005322       0x7e ./emlib/em_assert.o
 .debug_info    0x000053a0     0x1c6c ./emlib/em_cmu.o
 .debug_info    0x0000700c     0x10a2 ./src/simon.o

.debug_abbrev   0x00000000     0x139a
 .debug_abbrev  0x00000000       0x14 ./CMSIS/EFM32HG/startup_efm32hg.o
 .debug_abbrev  0x00000014      0x267 ./CMSIS/EFM32HG/system_efm32hg.o
 .debug_abbrev  0x0000027b      0x388 ./dbprint/dbprint.o
 .debug_abbrev  0x00000603      0x34b ./delay/delay.o
 .debug_abbrev  0x0000094e      0x3a7 ./delay/rtcdriver.o
 .debug_abbrev  0x00000cf5       0x68 ./emlib/em_assert.o
 .debug_abbrev  0x00000d5d      0x356 ./emlib/em_cmu.o
 .debug_abbrev  0x000010b3      0x2e7 ./src/simon.o

.debug_aranges  0x00000000      0x560
 .debug_aranges
                0x00000000       0x20 ./CMSIS/EFM32HG/startup_efm32hg.o
 .debug_aranges
                0x00000020       0x68 ./CMSIS/EFM32HG/system_efm32hg.o
 .debug_aranges
                0x00000088      0x148 ./dbprint/dbprint.o
 .debug_aranges
                0x000001d0       0x88 ./delay/delay.o
 .debug_aranges
                0x00000258       0xe8 ./delay/rtcdriver.o
 .debug_aranges
                0x00000340       0x20 ./emlib/em_assert.o
 .debug_aranges
                0x00000360      0x178 ./emlib/em_cmu.o
 .debug_aranges
                0x000004d8       0x88 ./src/simon.o

.debug_str      0x00000000    0x7b73f
 .debug_str     0x00000000       0xed ./CMSIS/EFM32HG/startup_efm32hg.o
 .debug_str     0x000000ed    0x76a3c ./CMSIS/EFM32HG/system_efm32hg.o
                              0x76d0b (size before relaxing)
 .debug_str     0x00076b29     0x2670 ./dbprint/dbprint.o
                              0x790e5 (size before relaxing)
 .debug_str     0x00079199      0x307 ./delay/delay.o
                              0x78abf (size before relaxing)
 .debug_str     0x000794a0      0xc0e ./delay/rtcdriver.o
                              0x78ffc (size before relaxing)
 .debug_str     0x0007a0ae       0x70 ./emlib/em_assert.o
                               0x2d68 (size before relaxing)
 .debug_str     0x0007a11e      0xb84 ./emlib/em_cmu.o
                              0x78eb7 (size before relaxing)
 .debug_str     0x0007aca2      0xa9d ./src/simon.o
                              0x7913d (size before relaxing)

.debug_loc      0x00000000     0x1e9e
 .debug_loc     0x00000000      0x1e8 ./CMSIS/EFM32HG/system_efm32hg.o
 .debug_loc     0x000001e8      0x808 ./dbprint/dbprint.o
 .debug_loc     0x000009f0      0x2e0 ./delay/delay.o
 .debug_loc     0x00000cd0      0x576 ./delay/rtcdriver.o
 .debug_loc     0x00001246       0x38 ./emlib/em_assert.o
 .debug_loc     0x0000127e      0x928 ./emlib/em_cmu.o
 .debug_loc     0x00001ba6      0x2f8 ./src/simon.o

.debug_ranges   0x00000000      0x4d0
 .debug_ranges  0x00000000       0x58 ./CMSIS/EFM32HG/system_efm32hg.o
 .debug_ranges  0x00000058      0x138 ./dbprint/dbprint.o
 .debug_ranges  0x00000190       0x78 ./delay/delay.o
 .debug_ranges  0x00000208       0xd8 ./delay/rtcdriver.o
 .debug_ranges  0x000002e0       0x10 ./emlib/em_assert.o
 .debug_ranges  0x000002f0      0x168 ./emlib/em_cmu.o
 .debug_ranges  0x00000458       0x78 ./src/simon.o

.debug_macro    0x00000000     0x1e22
 .debug_macro   0x00000000      0x302 ./CMSIS/EFM32HG/system_efm32hg.o
 .debug_macro   0x00000302      0x383 ./dbprint/dbprint.o
 .debug_macro   0x00000685       0x10 ./dbprint/dbprint.o
 .debug_macro   0x00000695       0xeb ./dbprint/dbprint.o
 .debug_macro   0x00000780      0x37a ./delay/delay.o
 .debug_macro   0x00000afa       0x11 ./delay/delay.o
 .debug_macro   0x00000b0b       0x16 ./delay/delay.o
 .debug_macro   0x00000b21       0x16 ./delay/delay.o
 .debug_macro   0x00000b37      0x400 ./delay/rtcdriver.o
 .debug_macro   0x00000f37       0x52 ./delay/rtcdriver.o
 .debug_macro   0x00000f89       0x55 ./delay/rtcdriver.o
 .debug_macro   0x00000fde       0x57 ./delay/rtcdriver.o
 .debug_macro   0x00001035      0x353 ./delay/rtcdriver.o
 .debug_macro   0x00001388       0xaf ./delay/rtcdriver.o
 .debug_macro   0x00001437       0x28 ./delay/rtcdriver.o
 .debug_macro   0x0000145f       0x16 ./delay/rtcdriver.o
 .debug_macro   0x00001475       0x28 ./delay/rtcdriver.o
 .debug_macro   0x0000149d       0x23 ./emlib/em_assert.o
 .debug_macro   0x000014c0      0x391 ./emlib/em_cmu.o
 .debug_macro   0x00001851       0x2b ./emlib/em_cmu.o
 .debug_macro   0x0000187c       0xee ./emlib/em_cmu.o
 .debug_macro   0x0000196a      0x41c ./src/simon.o
 .debug_macro   0x00001d86       0x16 ./src/simon.o
 .debug_macro   0x00001d9c       0x22 ./src/simon.o
 .debug_macro   0x00001dbe       0x16 ./src/simon.o
 .debug_macro   0x00001dd4       0x10 ./src/simon.o
 .debug_macro   0x00001de4       0x10 ./src/simon.o
 .debug_macro   0x00001df4       0x2e ./src/simon.o

.debug_frame    0x00000000     0x1540
 .debug_frame   0x00000000      0x138 ./CMSIS/EFM32HG/system_efm32hg.o
 .debug_frame   0x00000138      0x4bc ./dbprint/dbprint.o
 .debug_frame   0x000005f4      0x1c0 ./delay/delay.o
 .debug_frame   0x000007b4      0x350 ./delay/rtcdriver.o
 .debug_frame   0x00000b04       0x30 ./emlib/em_assert.o
 .debug_frame   0x00000b34      0x56c ./emlib/em_cmu.o
 .debug_frame   0x000010a0      0x1c8 ./src/simon.o
 .debug_frame   0x00001268       0x20 c:/siliconlabs/simplicitystudio/v4/developer/toolchains/gnu_arm/7.2_2017q4/bin/../lib/gcc/arm-none-eabi/7.2.1/thumb/v6-m\libgcc.a(_udivsi3.o)
 .debug_frame   0x00001288       0x34 c:/siliconlabs/simplicitystudio/v4/developer/toolchains/gnu_arm/7.2_2017q4/bin/../lib/gcc/arm-none-eabi/7.2.1/thumb/v6-m\libgcc.a(_muldi3.o)
 .debug_frame   0x000012bc       0x34 c:/siliconlabs/simplicitystudio/v4/developer/toolchains/gnu_arm/7.2_2017q4/bin/../lib/gcc/arm-none-eabi/7.2.1/../../../../arm-none-eabi/lib/thumb/v6-m\libc_nano.a(lib_a-clock.o)
 .debug_frame   0x000012f0       0x28 c:/siliconlabs/simplicitystudio/v4/developer/toolchains/gnu_arm/7.2_2017q4/bin/../lib/gcc/arm-none-eabi/7.2.1/../../../../arm-none-eabi/lib/thumb/v6-m\libc_nano.a(lib_a-exit.o)
 .debug_frame   0x00001318       0x2c c:/siliconlabs/simplicitystudio/v4/developer/toolchains/gnu_arm/7.2_2017q4/bin/../lib/gcc/arm-none-eabi/7.2.1/../../../../arm-none-eabi/lib/thumb/v6-m\libc_nano.a(lib_a-init.o)
 .debug_frame   0x00001344       0x20 c:/siliconlabs/simplicitystudio/v4/developer/toolchains/gnu_arm/7.2_2017q4/bin/../lib/gcc/arm-none-eabi/7.2.1/../../../../arm-none-eabi/lib/thumb/v6-m\libc_nano.a(lib_a-memset.o)
 .debug_frame   0x00001364       0x44 c:/siliconlabs/simplicitystudio/v4/developer/toolchains/gnu_arm/7.2_2017q4/bin/../lib/gcc/arm-none-eabi/7.2.1/../../../../arm-none-eabi/lib/thumb/v6-m\libc_nano.a(lib_a-rand.o)
 .debug_frame   0x000013a8       0x28 c:/siliconlabs/simplicitystudio/v4/developer/toolchains/gnu_arm/7.2_2017q4/bin/../lib/gcc/arm-none-eabi/7.2.1/../../../../arm-none-eabi/lib/thumb/v6-m\libc_nano.a(lib_a-timesr.o)
 .debug_frame   0x000013d0       0x40 c:/siliconlabs/simplicitystudio/v4/developer/toolchains/gnu_arm/7.2_2017q4/bin/../lib/gcc/arm-none-eabi/7.2.1/../../../../arm-none-eabi/lib/thumb/v6-m\libc_nano.a(lib_a-malloc.o)
 .debug_frame   0x00001410       0x2c c:/siliconlabs/simplicitystudio/v4/developer/toolchains/gnu_arm/7.2_2017q4/bin/../lib/gcc/arm-none-eabi/7.2.1/../../../../arm-none-eabi/lib/thumb/v6-m\libc_nano.a(lib_a-nano-mallocr.o)
 .debug_frame   0x0000143c       0x2c c:/siliconlabs/simplicitystudio/v4/developer/toolchains/gnu_arm/7.2_2017q4/bin/../lib/gcc/arm-none-eabi/7.2.1/../../../../arm-none-eabi/lib/thumb/v6-m\libc_nano.a(lib_a-sbrkr.o)
 .debug_frame   0x00001468       0x30 c:/siliconlabs/simplicitystudio/v4/developer/toolchains/gnu_arm/7.2_2017q4/bin/../lib/gcc/arm-none-eabi/7.2.1/../../../../arm-none-eabi/lib/thumb/v6-m\libc_nano.a(lib_a-mlock.o)
 .debug_frame   0x00001498       0x48 c:/siliconlabs/simplicitystudio/v4/developer/toolchains/gnu_arm/7.2_2017q4/bin/../lib/gcc/arm-none-eabi/7.2.1/../../../../arm-none-eabi/lib/thumb/v6-m\libc_nano.a(lib_a-reent.o)
 .debug_frame   0x000014e0       0x20 c:/siliconlabs/simplicitystudio/v4/developer/toolchains/gnu_arm/7.2_2017q4/bin/../lib/gcc/arm-none-eabi/7.2.1/../../../../arm-none-eabi/lib/thumb/v6-m\libnosys.a(sbrk.o)
 .debug_frame   0x00001500       0x20 c:/siliconlabs/simplicitystudio/v4/developer/toolchains/gnu_arm/7.2_2017q4/bin/../lib/gcc/arm-none-eabi/7.2.1/../../../../arm-none-eabi/lib/thumb/v6-m\libnosys.a(times.o)
 .debug_frame   0x00001520       0x20 c:/siliconlabs/simplicitystudio/v4/developer/toolchains/gnu_arm/7.2_2017q4/bin/../lib/gcc/arm-none-eabi/7.2.1/../../../../arm-none-eabi/lib/thumb/v6-m\libnosys.a(_exit.o)

.stab           0x00000000       0x24
 .stab          0x00000000       0x24 c:/siliconlabs/simplicitystudio/v4/developer/toolchains/gnu_arm/7.2_2017q4/bin/../lib/gcc/arm-none-eabi/7.2.1/../../../../arm-none-eabi/lib/thumb/v6-m\libnosys.a(times.o)

.stabstr        0x00000000       0x3f
 .stabstr       0x00000000       0x3f c:/siliconlabs/simplicitystudio/v4/developer/toolchains/gnu_arm/7.2_2017q4/bin/../lib/gcc/arm-none-eabi/7.2.1/../../../../arm-none-eabi/lib/thumb/v6-m\libnosys.a(times.o)
